/home/ryan/ros2_ws/install/formation_control/lib/python3.12/site-packages/formation_control/bayesian_node.py
/home/ryan/ros2_ws/install/formation_control/lib/python3.12/site-packages/formation_control/__init__.py
/home/ryan/ros2_ws/install/formation_control/lib/python3.12/site-packages/formation_control/visualizer_node.py
/home/ryan/ros2_ws/install/formation_control/lib/python3.12/site-packages/formation_control/CBN.py
/home/ryan/ros2_ws/install/formation_control/lib/python3.12/site-packages/formation_control/formation_control.py
/home/ryan/ros2_ws/install/formation_control/lib/python3.12/site-packages/formation_control/dynamic_control.py
/home/ryan/ros2_ws/install/formation_control/lib/python3.12/site-packages/formation_control/__pycache__/bayesian_node.cpython-312.pyc
/home/ryan/ros2_ws/install/formation_control/lib/python3.12/site-packages/formation_control/__pycache__/__init__.cpython-312.pyc
/home/ryan/ros2_ws/install/formation_control/lib/python3.12/site-packages/formation_control/__pycache__/visualizer_node.cpython-312.pyc
/home/ryan/ros2_ws/install/formation_control/lib/python3.12/site-packages/formation_control/__pycache__/CBN.cpython-312.pyc
/home/ryan/ros2_ws/install/formation_control/lib/python3.12/site-packages/formation_control/__pycache__/formation_control.cpython-312.pyc
/home/ryan/ros2_ws/install/formation_control/lib/python3.12/site-packages/formation_control/__pycache__/dynamic_control.cpython-312.pyc
/home/ryan/ros2_ws/install/formation_control/share/ament_index/resource_index/packages/formation_control
/home/ryan/ros2_ws/install/formation_control/share/formation_control/package.xml
/home/ryan/ros2_ws/install/formation_control/share/formation_control/launch/bayesian_launch.py
/home/ryan/ros2_ws/install/formation_control/share/formation_control/launch/multi_consensus_launch.py
/home/ryan/ros2_ws/install/formation_control/share/formation_control/launch/multi_agent_launch.py
/home/ryan/ros2_ws/install/formation_control/lib/python3.12/site-packages/formation_control-0.0.0-py3.12.egg-info/top_level.txt
/home/ryan/ros2_ws/install/formation_control/lib/python3.12/site-packages/formation_control-0.0.0-py3.12.egg-info/SOURCES.txt
/home/ryan/ros2_ws/install/formation_control/lib/python3.12/site-packages/formation_control-0.0.0-py3.12.egg-info/dependency_links.txt
/home/ryan/ros2_ws/install/formation_control/lib/python3.12/site-packages/formation_control-0.0.0-py3.12.egg-info/requires.txt
/home/ryan/ros2_ws/install/formation_control/lib/python3.12/site-packages/formation_control-0.0.0-py3.12.egg-info/PKG-INFO
/home/ryan/ros2_ws/install/formation_control/lib/python3.12/site-packages/formation_control-0.0.0-py3.12.egg-info/zip-safe
/home/ryan/ros2_ws/install/formation_control/lib/python3.12/site-packages/formation_control-0.0.0-py3.12.egg-info/entry_points.txt
/home/ryan/ros2_ws/install/formation_control/lib/formation_control/bayesian_node
/home/ryan/ros2_ws/install/formation_control/lib/formation_control/control_node
/home/ryan/ros2_ws/install/formation_control/lib/formation_control/visualizer_node
