[0.306s] DEBUG:colcon:Command line arguments: ['/usr/bin/colcon', 'build', '--packages-select', 'centralized_op']
[0.306s] DEBUG:colcon:Parsed command line arguments: Namespace(log_base=None, log_level=None, verb_name='build', build_base='build', install_base='install', merge_install=False, symlink_install=False, test_result_base=None, continue_on_error=False, executor='parallel', parallel_workers=6, event_handlers=None, ignore_user_meta=False, metas=['./colcon.meta'], base_paths=['.'], packages_ignore=None, packages_ignore_regex=None, paths=None, packages_up_to=None, packages_up_to_regex=None, packages_above=None, packages_above_and_dependencies=None, packages_above_depth=None, packages_select_by_dep=None, packages_skip_by_dep=None, packages_skip_up_to=None, packages_select_build_failed=False, packages_skip_build_finished=False, packages_select_test_failures=False, packages_skip_test_passed=False, packages_select=['centralized_op'], packages_skip=None, packages_select_regex=None, packages_skip_regex=None, packages_start=None, packages_end=None, allow_overriding=[], cmake_args=None, cmake_target=None, cmake_target_skip_unavailable=False, cmake_clean_cache=False, cmake_clean_first=False, cmake_force_configure=False, ament_cmake_args=None, catkin_cmake_args=None, catkin_skip_building_tests=False, mixin_files=None, mixin=None, verb_parser=<colcon_mixin.mixin.mixin_argument.MixinArgumentDecorator object at 0x71a262416900>, verb_extension=<colcon_core.verb.build.BuildVerb object at 0x71a262541a30>, main=<bound method BuildVerb.main of <colcon_core.verb.build.BuildVerb object at 0x71a262541a30>>, mixin_verb=('build',))
[0.372s] Level 1:colcon.colcon_core.package_discovery:discover_packages(colcon_meta) check parameters
[0.372s] Level 1:colcon.colcon_core.package_discovery:discover_packages(recursive) check parameters
[0.372s] Level 1:colcon.colcon_core.package_discovery:discover_packages(ignore) check parameters
[0.372s] Level 1:colcon.colcon_core.package_discovery:discover_packages(path) check parameters
[0.372s] Level 1:colcon.colcon_core.package_discovery:discover_packages(colcon_meta) discover
[0.372s] Level 1:colcon.colcon_core.package_discovery:discover_packages(recursive) discover
[0.372s] INFO:colcon.colcon_core.package_discovery:Crawling recursively for packages in '/home/ryan/ros2_ws'
[0.372s] Level 1:colcon.colcon_core.package_identification:_identify(.) by extensions ['ignore', 'ignore_ament_install']
[0.372s] Level 1:colcon.colcon_core.package_identification:_identify(.) by extension 'ignore'
[0.372s] Level 1:colcon.colcon_core.package_identification:_identify(.) by extension 'ignore_ament_install'
[0.373s] Level 1:colcon.colcon_core.package_identification:_identify(.) by extensions ['colcon_pkg']
[0.373s] Level 1:colcon.colcon_core.package_identification:_identify(.) by extension 'colcon_pkg'
[0.373s] Level 1:colcon.colcon_core.package_identification:_identify(.) by extensions ['colcon_meta']
[0.373s] Level 1:colcon.colcon_core.package_identification:_identify(.) by extension 'colcon_meta'
[0.373s] Level 1:colcon.colcon_core.package_identification:_identify(.) by extensions ['ros']
[0.373s] Level 1:colcon.colcon_core.package_identification:_identify(.) by extension 'ros'
[0.415s] Level 1:colcon.colcon_core.package_identification:_identify(.) by extensions ['cmake', 'python']
[0.416s] Level 1:colcon.colcon_core.package_identification:_identify(.) by extension 'cmake'
[0.416s] Level 1:colcon.colcon_core.package_identification:_identify(.) by extension 'python'
[0.416s] Level 1:colcon.colcon_core.package_identification:_identify(.) by extensions ['python_setup_py']
[0.416s] Level 1:colcon.colcon_core.package_identification:_identify(.) by extension 'python_setup_py'
[0.416s] Level 1:colcon.colcon_core.package_identification:_identify(build) by extensions ['ignore', 'ignore_ament_install']
[0.416s] Level 1:colcon.colcon_core.package_identification:_identify(build) by extension 'ignore'
[0.416s] Level 1:colcon.colcon_core.package_identification:_identify(build) ignored
[0.416s] Level 1:colcon.colcon_core.package_identification:_identify(install) by extensions ['ignore', 'ignore_ament_install']
[0.416s] Level 1:colcon.colcon_core.package_identification:_identify(install) by extension 'ignore'
[0.416s] Level 1:colcon.colcon_core.package_identification:_identify(install) ignored
[0.416s] Level 1:colcon.colcon_core.package_identification:_identify(log) by extensions ['ignore', 'ignore_ament_install']
[0.416s] Level 1:colcon.colcon_core.package_identification:_identify(log) by extension 'ignore'
[0.416s] Level 1:colcon.colcon_core.package_identification:_identify(log) ignored
[0.416s] Level 1:colcon.colcon_core.package_identification:_identify(src) by extensions ['ignore', 'ignore_ament_install']
[0.417s] Level 1:colcon.colcon_core.package_identification:_identify(src) by extension 'ignore'
[0.417s] Level 1:colcon.colcon_core.package_identification:_identify(src) by extension 'ignore_ament_install'
[0.417s] Level 1:colcon.colcon_core.package_identification:_identify(src) by extensions ['colcon_pkg']
[0.417s] Level 1:colcon.colcon_core.package_identification:_identify(src) by extension 'colcon_pkg'
[0.417s] Level 1:colcon.colcon_core.package_identification:_identify(src) by extensions ['colcon_meta']
[0.417s] Level 1:colcon.colcon_core.package_identification:_identify(src) by extension 'colcon_meta'
[0.417s] Level 1:colcon.colcon_core.package_identification:_identify(src) by extensions ['ros']
[0.417s] Level 1:colcon.colcon_core.package_identification:_identify(src) by extension 'ros'
[0.417s] Level 1:colcon.colcon_core.package_identification:_identify(src) by extensions ['cmake', 'python']
[0.417s] Level 1:colcon.colcon_core.package_identification:_identify(src) by extension 'cmake'
[0.417s] Level 1:colcon.colcon_core.package_identification:_identify(src) by extension 'python'
[0.417s] Level 1:colcon.colcon_core.package_identification:_identify(src) by extensions ['python_setup_py']
[0.417s] Level 1:colcon.colcon_core.package_identification:_identify(src) by extension 'python_setup_py'
[0.417s] Level 1:colcon.colcon_core.package_identification:_identify(src/centralized_op) by extensions ['ignore', 'ignore_ament_install']
[0.417s] Level 1:colcon.colcon_core.package_identification:_identify(src/centralized_op) by extension 'ignore'
[0.417s] Level 1:colcon.colcon_core.package_identification:_identify(src/centralized_op) by extension 'ignore_ament_install'
[0.417s] Level 1:colcon.colcon_core.package_identification:_identify(src/centralized_op) by extensions ['colcon_pkg']
[0.417s] Level 1:colcon.colcon_core.package_identification:_identify(src/centralized_op) by extension 'colcon_pkg'
[0.417s] Level 1:colcon.colcon_core.package_identification:_identify(src/centralized_op) by extensions ['colcon_meta']
[0.417s] Level 1:colcon.colcon_core.package_identification:_identify(src/centralized_op) by extension 'colcon_meta'
[0.417s] Level 1:colcon.colcon_core.package_identification:_identify(src/centralized_op) by extensions ['ros']
[0.417s] Level 1:colcon.colcon_core.package_identification:_identify(src/centralized_op) by extension 'ros'
[0.421s] DEBUG:colcon.colcon_core.package_identification:Package 'src/centralized_op' with type 'ros.ament_python' and name 'centralized_op'
[0.421s] Level 1:colcon.colcon_core.package_identification:_identify(src/consensus_test) by extensions ['ignore', 'ignore_ament_install']
[0.422s] Level 1:colcon.colcon_core.package_identification:_identify(src/consensus_test) by extension 'ignore'
[0.422s] Level 1:colcon.colcon_core.package_identification:_identify(src/consensus_test) by extension 'ignore_ament_install'
[0.422s] Level 1:colcon.colcon_core.package_identification:_identify(src/consensus_test) by extensions ['colcon_pkg']
[0.422s] Level 1:colcon.colcon_core.package_identification:_identify(src/consensus_test) by extension 'colcon_pkg'
[0.422s] Level 1:colcon.colcon_core.package_identification:_identify(src/consensus_test) by extensions ['colcon_meta']
[0.422s] Level 1:colcon.colcon_core.package_identification:_identify(src/consensus_test) by extension 'colcon_meta'
[0.422s] Level 1:colcon.colcon_core.package_identification:_identify(src/consensus_test) by extensions ['ros']
[0.422s] Level 1:colcon.colcon_core.package_identification:_identify(src/consensus_test) by extension 'ros'
[0.423s] DEBUG:colcon.colcon_core.package_identification:Package 'src/consensus_test' with type 'ros.ament_python' and name 'consensus_test'
[0.423s] Level 1:colcon.colcon_core.package_identification:_identify(src/formation_control) by extensions ['ignore', 'ignore_ament_install']
[0.423s] Level 1:colcon.colcon_core.package_identification:_identify(src/formation_control) by extension 'ignore'
[0.424s] Level 1:colcon.colcon_core.package_identification:_identify(src/formation_control) by extension 'ignore_ament_install'
[0.424s] Level 1:colcon.colcon_core.package_identification:_identify(src/formation_control) by extensions ['colcon_pkg']
[0.424s] Level 1:colcon.colcon_core.package_identification:_identify(src/formation_control) by extension 'colcon_pkg'
[0.424s] Level 1:colcon.colcon_core.package_identification:_identify(src/formation_control) by extensions ['colcon_meta']
[0.424s] Level 1:colcon.colcon_core.package_identification:_identify(src/formation_control) by extension 'colcon_meta'
[0.424s] Level 1:colcon.colcon_core.package_identification:_identify(src/formation_control) by extensions ['ros']
[0.424s] Level 1:colcon.colcon_core.package_identification:_identify(src/formation_control) by extension 'ros'
[0.426s] DEBUG:colcon.colcon_core.package_identification:Package 'src/formation_control' with type 'ros.ament_python' and name 'formation_control'
[0.426s] Level 1:colcon.colcon_core.package_discovery:discover_packages(recursive) using defaults
[0.426s] Level 1:colcon.colcon_core.package_discovery:discover_packages(ignore) discover
[0.426s] Level 1:colcon.colcon_core.package_discovery:discover_packages(ignore) using defaults
[0.426s] Level 1:colcon.colcon_core.package_discovery:discover_packages(path) discover
[0.426s] Level 1:colcon.colcon_core.package_discovery:discover_packages(path) using defaults
[0.459s] INFO:colcon.colcon_core.package_selection:Skipping not selected package 'consensus_test' in 'src/consensus_test'
[0.459s] INFO:colcon.colcon_core.package_selection:Skipping not selected package 'formation_control' in 'src/formation_control'
[0.461s] Level 1:colcon.colcon_core.package_discovery:discover_packages(prefix_path) check parameters
[0.461s] Level 1:colcon.colcon_core.package_discovery:discover_packages(prefix_path) discover
[0.467s] DEBUG:colcon.colcon_installed_package_information.package_discovery:Found 3 installed packages in /home/ryan/ros2_ws/install
[0.470s] DEBUG:colcon.colcon_installed_package_information.package_discovery:Found 287 installed packages in /opt/ros/jazzy
[0.471s] Level 1:colcon.colcon_core.package_discovery:discover_packages(prefix_path) using defaults
[0.528s] Level 5:colcon.colcon_core.verb:set package 'centralized_op' build argument 'cmake_args' from command line to 'None'
[0.528s] Level 5:colcon.colcon_core.verb:set package 'centralized_op' build argument 'cmake_target' from command line to 'None'
[0.528s] Level 5:colcon.colcon_core.verb:set package 'centralized_op' build argument 'cmake_target_skip_unavailable' from command line to 'False'
[0.528s] Level 5:colcon.colcon_core.verb:set package 'centralized_op' build argument 'cmake_clean_cache' from command line to 'False'
[0.528s] Level 5:colcon.colcon_core.verb:set package 'centralized_op' build argument 'cmake_clean_first' from command line to 'False'
[0.528s] Level 5:colcon.colcon_core.verb:set package 'centralized_op' build argument 'cmake_force_configure' from command line to 'False'
[0.528s] Level 5:colcon.colcon_core.verb:set package 'centralized_op' build argument 'ament_cmake_args' from command line to 'None'
[0.528s] Level 5:colcon.colcon_core.verb:set package 'centralized_op' build argument 'catkin_cmake_args' from command line to 'None'
[0.528s] Level 5:colcon.colcon_core.verb:set package 'centralized_op' build argument 'catkin_skip_building_tests' from command line to 'False'
[0.528s] DEBUG:colcon.colcon_core.verb:Building package 'centralized_op' with the following arguments: {'ament_cmake_args': None, 'build_base': '/home/ryan/ros2_ws/build/centralized_op', 'catkin_cmake_args': None, 'catkin_skip_building_tests': False, 'cmake_args': None, 'cmake_clean_cache': False, 'cmake_clean_first': False, 'cmake_force_configure': False, 'cmake_target': None, 'cmake_target_skip_unavailable': False, 'install_base': '/home/ryan/ros2_ws/install/centralized_op', 'merge_install': False, 'path': '/home/ryan/ros2_ws/src/centralized_op', 'symlink_install': False, 'test_result_base': None}
[0.528s] INFO:colcon.colcon_core.executor:Executing jobs using 'parallel' executor
[0.530s] DEBUG:colcon.colcon_parallel_executor.executor.parallel:run_until_complete
[0.531s] INFO:colcon.colcon_ros.task.ament_python.build:Building ROS package in '/home/ryan/ros2_ws/src/centralized_op' with build type 'ament_python'
[0.531s] Level 1:colcon.colcon_core.shell:create_environment_hook('centralized_op', 'ament_prefix_path')
[0.542s] INFO:colcon.colcon_core.plugin_system:Skipping extension 'colcon_core.shell.bat': Not used on non-Windows systems
[0.542s] INFO:colcon.colcon_core.shell:Creating environment hook '/home/ryan/ros2_ws/install/centralized_op/share/centralized_op/hook/ament_prefix_path.ps1'
[0.543s] INFO:colcon.colcon_core.shell:Creating environment descriptor '/home/ryan/ros2_ws/install/centralized_op/share/centralized_op/hook/ament_prefix_path.dsv'
[0.544s] INFO:colcon.colcon_core.shell:Creating environment hook '/home/ryan/ros2_ws/install/centralized_op/share/centralized_op/hook/ament_prefix_path.sh'
[0.545s] INFO:colcon.colcon_core.shell:Skip shell extension 'powershell' for command environment: Not usable outside of PowerShell
[0.545s] DEBUG:colcon.colcon_core.shell:Skip shell extension 'dsv' for command environment
[0.960s] INFO:colcon.colcon_core.task.python.build:Building Python package in '/home/ryan/ros2_ws/src/centralized_op'
[0.960s] INFO:colcon.colcon_core.shell:Skip shell extension 'powershell' for command environment: Not usable outside of PowerShell
[0.960s] DEBUG:colcon.colcon_core.shell:Skip shell extension 'dsv' for command environment
[2.313s] DEBUG:colcon.colcon_core.task.python.build:Available setuptools commands: symlink_data, dist_info, build_clib, egg_info, register, rotate, build_scripts, setopt, compile_catalog, bdist_egg, sdist, alias, easy_install, saveopts, build_py, init_catalog, update_catalog, bdist_rpm, install_headers, upload, test, install_egg_info, bdist_wheel, install_scripts, build_ext, check, install_data, install, clean, bdist_dumb, build, bdist, upload_docs, install_lib, extract_messages, editable_wheel, develop
[2.320s] DEBUG:colcon.colcon_core.event_handler.log_command:Invoking command in '/home/ryan/ros2_ws/src/centralized_op': DEBUGINFOD_URLS=https://debuginfod.ubuntu.com PYTHONPATH=/home/ryan/ros2_ws/build/centralized_op/prefix_override:/usr/lib/python3/dist-packages/colcon_core/task/python/colcon_distutils_commands:/home/ryan/ros2_ws/install/centralized_op/lib/python3.12/site-packages:${PYTHONPATH} /usr/bin/python3 -W ignore:setup.py install is deprecated -W ignore:easy_install command is deprecated setup.py egg_info --egg-base ../../build/centralized_op build --build-base /home/ryan/ros2_ws/build/centralized_op/build install --record /home/ryan/ros2_ws/build/centralized_op/install.log --install-scripts $base/lib/centralized_op --single-version-externally-managed install_data
[3.280s] DEBUG:colcon.colcon_core.event_handler.log_command:Invoked command in '/home/ryan/ros2_ws/src/centralized_op' returned '0': DEBUGINFOD_URLS=https://debuginfod.ubuntu.com PYTHONPATH=/home/ryan/ros2_ws/build/centralized_op/prefix_override:/usr/lib/python3/dist-packages/colcon_core/task/python/colcon_distutils_commands:/home/ryan/ros2_ws/install/centralized_op/lib/python3.12/site-packages:${PYTHONPATH} /usr/bin/python3 -W ignore:setup.py install is deprecated -W ignore:easy_install command is deprecated setup.py egg_info --egg-base ../../build/centralized_op build --build-base /home/ryan/ros2_ws/build/centralized_op/build install --record /home/ryan/ros2_ws/build/centralized_op/install.log --install-scripts $base/lib/centralized_op --single-version-externally-managed install_data
[3.286s] Level 1:colcon.colcon_core.environment:checking '/home/ryan/ros2_ws/install/centralized_op' for CMake module files
[3.287s] Level 1:colcon.colcon_core.environment:checking '/home/ryan/ros2_ws/install/centralized_op' for CMake config files
[3.287s] Level 1:colcon.colcon_core.environment:checking '/home/ryan/ros2_ws/install/centralized_op/lib'
[3.289s] Level 1:colcon.colcon_core.environment:checking '/home/ryan/ros2_ws/install/centralized_op/bin'
[3.289s] Level 1:colcon.colcon_core.environment:checking '/home/ryan/ros2_ws/install/centralized_op/lib/pkgconfig/centralized_op.pc'
[3.289s] Level 1:colcon.colcon_core.environment:checking '/home/ryan/ros2_ws/install/centralized_op/lib/python3.12/site-packages'
[3.290s] Level 1:colcon.colcon_core.shell:create_environment_hook('centralized_op', 'pythonpath')
[3.290s] INFO:colcon.colcon_core.shell:Creating environment hook '/home/ryan/ros2_ws/install/centralized_op/share/centralized_op/hook/pythonpath.ps1'
[3.292s] INFO:colcon.colcon_core.shell:Creating environment descriptor '/home/ryan/ros2_ws/install/centralized_op/share/centralized_op/hook/pythonpath.dsv'
[3.293s] INFO:colcon.colcon_core.shell:Creating environment hook '/home/ryan/ros2_ws/install/centralized_op/share/centralized_op/hook/pythonpath.sh'
[3.294s] Level 1:colcon.colcon_core.environment:checking '/home/ryan/ros2_ws/install/centralized_op/bin'
[3.297s] Level 1:colcon.colcon_core.environment:create_environment_scripts_only(centralized_op)
[3.297s] INFO:colcon.colcon_core.shell:Creating package script '/home/ryan/ros2_ws/install/centralized_op/share/centralized_op/package.ps1'
[3.298s] INFO:colcon.colcon_core.shell:Creating package descriptor '/home/ryan/ros2_ws/install/centralized_op/share/centralized_op/package.dsv'
[3.300s] INFO:colcon.colcon_core.shell:Creating package script '/home/ryan/ros2_ws/install/centralized_op/share/centralized_op/package.sh'
[3.301s] INFO:colcon.colcon_core.shell:Creating package script '/home/ryan/ros2_ws/install/centralized_op/share/centralized_op/package.bash'
[3.302s] INFO:colcon.colcon_core.shell:Creating package script '/home/ryan/ros2_ws/install/centralized_op/share/centralized_op/package.zsh'
[3.302s] Level 1:colcon.colcon_core.environment:create_file_with_runtime_dependencies(/home/ryan/ros2_ws/install/centralized_op/share/colcon-core/packages/centralized_op)
[3.304s] DEBUG:colcon.colcon_parallel_executor.executor.parallel:closing loop
[3.304s] DEBUG:colcon.colcon_parallel_executor.executor.parallel:loop closed
[3.304s] DEBUG:colcon.colcon_parallel_executor.executor.parallel:run_until_complete finished with '0'
[3.304s] DEBUG:colcon.colcon_core.event_reactor:joining thread
[3.340s] INFO:colcon.colcon_core.plugin_system:Skipping extension 'colcon_notification.desktop_notification.terminal_notifier': Not used on non-Darwin systems
[3.340s] INFO:colcon.colcon_core.plugin_system:Skipping extension 'colcon_notification.desktop_notification.win32': Not used on non-Windows systems
[3.340s] INFO:colcon.colcon_notification.desktop_notification:Sending desktop notification using 'notify2'
[3.367s] DEBUG:colcon.colcon_core.event_reactor:joined thread
[3.367s] INFO:colcon.colcon_core.shell:Creating prefix script '/home/ryan/ros2_ws/install/local_setup.ps1'
[3.369s] INFO:colcon.colcon_core.shell:Creating prefix util module '/home/ryan/ros2_ws/install/_local_setup_util_ps1.py'
[3.374s] INFO:colcon.colcon_core.shell:Creating prefix chain script '/home/ryan/ros2_ws/install/setup.ps1'
[3.375s] INFO:colcon.colcon_core.shell:Creating prefix script '/home/ryan/ros2_ws/install/local_setup.sh'
[3.375s] INFO:colcon.colcon_core.shell:Creating prefix util module '/home/ryan/ros2_ws/install/_local_setup_util_sh.py'
[3.383s] INFO:colcon.colcon_core.shell:Creating prefix chain script '/home/ryan/ros2_ws/install/setup.sh'
[3.384s] INFO:colcon.colcon_core.shell:Creating prefix script '/home/ryan/ros2_ws/install/local_setup.bash'
[3.385s] INFO:colcon.colcon_core.shell:Creating prefix chain script '/home/ryan/ros2_ws/install/setup.bash'
[3.386s] INFO:colcon.colcon_core.shell:Creating prefix script '/home/ryan/ros2_ws/install/local_setup.zsh'
[3.387s] INFO:colcon.colcon_core.shell:Creating prefix chain script '/home/ryan/ros2_ws/install/setup.zsh'
