[0.800s] Invoking command in '/home/ryan/ros2_ws/src/centralized_op': DEBUGINFOD_URLS=https://debuginfod.ubuntu.com PYTHONPATH=/home/ryan/ros2_ws/build/centralized_op/prefix_override:/usr/lib/python3/dist-packages/colcon_core/task/python/colcon_distutils_commands:/home/ryan/ros2_ws/install/centralized_op/lib/python3.12/site-packages:${PYTHONPATH} /usr/bin/python3 -W ignore:setup.py install is deprecated -W ignore:easy_install command is deprecated setup.py egg_info --egg-base ../../build/centralized_op build --build-base /home/ryan/ros2_ws/build/centralized_op/build install --record /home/ryan/ros2_ws/build/centralized_op/install.log --install-scripts $base/lib/centralized_op --single-version-externally-managed install_data
[1.053s] running egg_info
[1.072s] writing ../../build/centralized_op/centralized_op.egg-info/PKG-INFO
[1.072s] writing dependency_links to ../../build/centralized_op/centralized_op.egg-info/dependency_links.txt
[1.072s] writing entry points to ../../build/centralized_op/centralized_op.egg-info/entry_points.txt
[1.073s] writing requirements to ../../build/centralized_op/centralized_op.egg-info/requires.txt
[1.073s] writing top-level names to ../../build/centralized_op/centralized_op.egg-info/top_level.txt
[1.111s] reading manifest file '../../build/centralized_op/centralized_op.egg-info/SOURCES.txt'
[1.112s] writing manifest file '../../build/centralized_op/centralized_op.egg-info/SOURCES.txt'
[1.112s] running build
[1.112s] running build_py
[1.112s] running install
[1.118s] running install_lib
[1.138s] running install_data
[1.139s] copying launch/central_launch.py -> /home/ryan/ros2_ws/install/centralized_op/share/centralized_op/launch
[1.139s] running install_egg_info
[1.159s] removing '/home/ryan/ros2_ws/install/centralized_op/lib/python3.12/site-packages/centralized_op-0.0.0-py3.12.egg-info' (and everything under it)
[1.159s] Copying ../../build/centralized_op/centralized_op.egg-info to /home/ryan/ros2_ws/install/centralized_op/lib/python3.12/site-packages/centralized_op-0.0.0-py3.12.egg-info
[1.160s] running install_scripts
[1.435s] Installing agent_node script to /home/ryan/ros2_ws/install/centralized_op/lib/centralized_op
[1.435s] Installing central_node script to /home/ryan/ros2_ws/install/centralized_op/lib/centralized_op
[1.439s] Installing control_node script to /home/ryan/ros2_ws/install/centralized_op/lib/centralized_op
[1.440s] Installing evaluator_node script to /home/ryan/ros2_ws/install/centralized_op/lib/centralized_op
[1.441s] Installing visualizer_node script to /home/ryan/ros2_ws/install/centralized_op/lib/centralized_op
[1.442s] writing list of installed files to '/home/ryan/ros2_ws/build/centralized_op/install.log'
[1.592s] Invoked command in '/home/ryan/ros2_ws/src/centralized_op' returned '0': DEBUGINFOD_URLS=https://debuginfod.ubuntu.com PYTHONPATH=/home/ryan/ros2_ws/build/centralized_op/prefix_override:/usr/lib/python3/dist-packages/colcon_core/task/python/colcon_distutils_commands:/home/ryan/ros2_ws/install/centralized_op/lib/python3.12/site-packages:${PYTHONPATH} /usr/bin/python3 -W ignore:setup.py install is deprecated -W ignore:easy_install command is deprecated setup.py egg_info --egg-base ../../build/centralized_op build --build-base /home/ryan/ros2_ws/build/centralized_op/build install --record /home/ryan/ros2_ws/build/centralized_op/install.log --install-scripts $base/lib/centralized_op --single-version-externally-managed install_data
