[0.231s] DEBUG:colcon:Command line arguments: ['/usr/bin/colcon', 'build']
[0.231s] DEBUG:colcon:Parsed command line arguments: Namespace(log_base=None, log_level=None, verb_name='build', build_base='build', install_base='install', merge_install=False, symlink_install=False, test_result_base=None, continue_on_error=False, executor='parallel', parallel_workers=32, event_handlers=None, ignore_user_meta=False, metas=['./colcon.meta'], base_paths=['.'], packages_ignore=None, packages_ignore_regex=None, paths=None, packages_up_to=None, packages_up_to_regex=None, packages_above=None, packages_above_and_dependencies=None, packages_above_depth=None, packages_select_by_dep=None, packages_skip_by_dep=None, packages_skip_up_to=None, packages_select_build_failed=False, packages_skip_build_finished=False, packages_select_test_failures=False, packages_skip_test_passed=False, packages_select=None, packages_skip=None, packages_select_regex=None, packages_skip_regex=None, packages_start=None, packages_end=None, allow_overriding=[], cmake_args=None, cmake_target=None, cmake_target_skip_unavailable=False, cmake_clean_cache=False, cmake_clean_first=False, cmake_force_configure=False, ament_cmake_args=None, catkin_cmake_args=None, catkin_skip_building_tests=False, mixin_files=None, mixin=None, verb_parser=<colcon_mixin.mixin.mixin_argument.MixinArgumentDecorator object at 0x70ebc33f94c0>, verb_extension=<colcon_core.verb.build.BuildVerb object at 0x70ebc331c4a0>, main=<bound method BuildVerb.main of <colcon_core.verb.build.BuildVerb object at 0x70ebc331c4a0>>, mixin_verb=('build',))
[0.281s] Level 1:colcon.colcon_core.package_discovery:discover_packages(colcon_meta) check parameters
[0.281s] Level 1:colcon.colcon_core.package_discovery:discover_packages(recursive) check parameters
[0.281s] Level 1:colcon.colcon_core.package_discovery:discover_packages(ignore) check parameters
[0.281s] Level 1:colcon.colcon_core.package_discovery:discover_packages(path) check parameters
[0.281s] Level 1:colcon.colcon_core.package_discovery:discover_packages(colcon_meta) discover
[0.281s] Level 1:colcon.colcon_core.package_discovery:discover_packages(recursive) discover
[0.281s] INFO:colcon.colcon_core.package_discovery:Crawling recursively for packages in '/home/ryan/ros2_ws'
[0.281s] Level 1:colcon.colcon_core.package_identification:_identify(.) by extensions ['ignore', 'ignore_ament_install']
[0.281s] Level 1:colcon.colcon_core.package_identification:_identify(.) by extension 'ignore'
[0.281s] Level 1:colcon.colcon_core.package_identification:_identify(.) by extension 'ignore_ament_install'
[0.282s] Level 1:colcon.colcon_core.package_identification:_identify(.) by extensions ['colcon_pkg']
[0.282s] Level 1:colcon.colcon_core.package_identification:_identify(.) by extension 'colcon_pkg'
[0.282s] Level 1:colcon.colcon_core.package_identification:_identify(.) by extensions ['colcon_meta']
[0.282s] Level 1:colcon.colcon_core.package_identification:_identify(.) by extension 'colcon_meta'
[0.282s] Level 1:colcon.colcon_core.package_identification:_identify(.) by extensions ['ros']
[0.282s] Level 1:colcon.colcon_core.package_identification:_identify(.) by extension 'ros'
[0.318s] Level 1:colcon.colcon_core.package_identification:_identify(.) by extensions ['cmake', 'python']
[0.318s] Level 1:colcon.colcon_core.package_identification:_identify(.) by extension 'cmake'
[0.319s] Level 1:colcon.colcon_core.package_identification:_identify(.) by extension 'python'
[0.319s] Level 1:colcon.colcon_core.package_identification:_identify(.) by extensions ['python_setup_py']
[0.319s] Level 1:colcon.colcon_core.package_identification:_identify(.) by extension 'python_setup_py'
[0.319s] Level 1:colcon.colcon_core.package_identification:_identify(build) by extensions ['ignore', 'ignore_ament_install']
[0.319s] Level 1:colcon.colcon_core.package_identification:_identify(build) by extension 'ignore'
[0.319s] Level 1:colcon.colcon_core.package_identification:_identify(build) ignored
[0.319s] Level 1:colcon.colcon_core.package_identification:_identify(install) by extensions ['ignore', 'ignore_ament_install']
[0.319s] Level 1:colcon.colcon_core.package_identification:_identify(install) by extension 'ignore'
[0.319s] Level 1:colcon.colcon_core.package_identification:_identify(install) ignored
[0.319s] Level 1:colcon.colcon_core.package_identification:_identify(log) by extensions ['ignore', 'ignore_ament_install']
[0.319s] Level 1:colcon.colcon_core.package_identification:_identify(log) by extension 'ignore'
[0.319s] Level 1:colcon.colcon_core.package_identification:_identify(log) ignored
[0.319s] Level 1:colcon.colcon_core.package_identification:_identify(src) by extensions ['ignore', 'ignore_ament_install']
[0.320s] Level 1:colcon.colcon_core.package_identification:_identify(src) by extension 'ignore'
[0.320s] Level 1:colcon.colcon_core.package_identification:_identify(src) by extension 'ignore_ament_install'
[0.320s] Level 1:colcon.colcon_core.package_identification:_identify(src) by extensions ['colcon_pkg']
[0.320s] Level 1:colcon.colcon_core.package_identification:_identify(src) by extension 'colcon_pkg'
[0.320s] Level 1:colcon.colcon_core.package_identification:_identify(src) by extensions ['colcon_meta']
[0.320s] Level 1:colcon.colcon_core.package_identification:_identify(src) by extension 'colcon_meta'
[0.320s] Level 1:colcon.colcon_core.package_identification:_identify(src) by extensions ['ros']
[0.320s] Level 1:colcon.colcon_core.package_identification:_identify(src) by extension 'ros'
[0.320s] Level 1:colcon.colcon_core.package_identification:_identify(src) by extensions ['cmake', 'python']
[0.320s] Level 1:colcon.colcon_core.package_identification:_identify(src) by extension 'cmake'
[0.320s] Level 1:colcon.colcon_core.package_identification:_identify(src) by extension 'python'
[0.320s] Level 1:colcon.colcon_core.package_identification:_identify(src) by extensions ['python_setup_py']
[0.320s] Level 1:colcon.colcon_core.package_identification:_identify(src) by extension 'python_setup_py'
[0.320s] Level 1:colcon.colcon_core.package_identification:_identify(src/centralized_op) by extensions ['ignore', 'ignore_ament_install']
[0.320s] Level 1:colcon.colcon_core.package_identification:_identify(src/centralized_op) by extension 'ignore'
[0.320s] Level 1:colcon.colcon_core.package_identification:_identify(src/centralized_op) by extension 'ignore_ament_install'
[0.320s] Level 1:colcon.colcon_core.package_identification:_identify(src/centralized_op) by extensions ['colcon_pkg']
[0.320s] Level 1:colcon.colcon_core.package_identification:_identify(src/centralized_op) by extension 'colcon_pkg'
[0.320s] Level 1:colcon.colcon_core.package_identification:_identify(src/centralized_op) by extensions ['colcon_meta']
[0.320s] Level 1:colcon.colcon_core.package_identification:_identify(src/centralized_op) by extension 'colcon_meta'
[0.320s] Level 1:colcon.colcon_core.package_identification:_identify(src/centralized_op) by extensions ['ros']
[0.320s] Level 1:colcon.colcon_core.package_identification:_identify(src/centralized_op) by extension 'ros'
[0.324s] DEBUG:colcon.colcon_core.package_identification:Package 'src/centralized_op' with type 'ros.ament_python' and name 'centralized_op'
[0.324s] Level 1:colcon.colcon_core.package_identification:_identify(src/consensus_test) by extensions ['ignore', 'ignore_ament_install']
[0.324s] Level 1:colcon.colcon_core.package_identification:_identify(src/consensus_test) by extension 'ignore'
[0.324s] Level 1:colcon.colcon_core.package_identification:_identify(src/consensus_test) by extension 'ignore_ament_install'
[0.324s] Level 1:colcon.colcon_core.package_identification:_identify(src/consensus_test) by extensions ['colcon_pkg']
[0.324s] Level 1:colcon.colcon_core.package_identification:_identify(src/consensus_test) by extension 'colcon_pkg'
[0.324s] Level 1:colcon.colcon_core.package_identification:_identify(src/consensus_test) by extensions ['colcon_meta']
[0.324s] Level 1:colcon.colcon_core.package_identification:_identify(src/consensus_test) by extension 'colcon_meta'
[0.324s] Level 1:colcon.colcon_core.package_identification:_identify(src/consensus_test) by extensions ['ros']
[0.325s] Level 1:colcon.colcon_core.package_identification:_identify(src/consensus_test) by extension 'ros'
[0.325s] DEBUG:colcon.colcon_core.package_identification:Package 'src/consensus_test' with type 'ros.ament_python' and name 'consensus_test'
[0.325s] Level 1:colcon.colcon_core.package_identification:_identify(src/formation_control) by extensions ['ignore', 'ignore_ament_install']
[0.325s] Level 1:colcon.colcon_core.package_identification:_identify(src/formation_control) by extension 'ignore'
[0.325s] Level 1:colcon.colcon_core.package_identification:_identify(src/formation_control) by extension 'ignore_ament_install'
[0.325s] Level 1:colcon.colcon_core.package_identification:_identify(src/formation_control) by extensions ['colcon_pkg']
[0.325s] Level 1:colcon.colcon_core.package_identification:_identify(src/formation_control) by extension 'colcon_pkg'
[0.325s] Level 1:colcon.colcon_core.package_identification:_identify(src/formation_control) by extensions ['colcon_meta']
[0.325s] Level 1:colcon.colcon_core.package_identification:_identify(src/formation_control) by extension 'colcon_meta'
[0.325s] Level 1:colcon.colcon_core.package_identification:_identify(src/formation_control) by extensions ['ros']
[0.325s] Level 1:colcon.colcon_core.package_identification:_identify(src/formation_control) by extension 'ros'
[0.326s] DEBUG:colcon.colcon_core.package_identification:Package 'src/formation_control' with type 'ros.ament_python' and name 'formation_control'
[0.326s] Level 1:colcon.colcon_core.package_discovery:discover_packages(recursive) using defaults
[0.326s] Level 1:colcon.colcon_core.package_discovery:discover_packages(ignore) discover
[0.326s] Level 1:colcon.colcon_core.package_discovery:discover_packages(ignore) using defaults
[0.326s] Level 1:colcon.colcon_core.package_discovery:discover_packages(path) discover
[0.326s] Level 1:colcon.colcon_core.package_discovery:discover_packages(path) using defaults
[0.352s] Level 1:colcon.colcon_core.package_discovery:discover_packages(prefix_path) check parameters
[0.352s] Level 1:colcon.colcon_core.package_discovery:discover_packages(prefix_path) discover
[0.356s] DEBUG:colcon.colcon_installed_package_information.package_discovery:Found 3 installed packages in /home/ryan/ros2_ws/install
[0.357s] DEBUG:colcon.colcon_installed_package_information.package_discovery:Found 287 installed packages in /opt/ros/jazzy
[0.358s] Level 1:colcon.colcon_core.package_discovery:discover_packages(prefix_path) using defaults
[0.400s] Level 5:colcon.colcon_core.verb:set package 'centralized_op' build argument 'cmake_args' from command line to 'None'
[0.400s] Level 5:colcon.colcon_core.verb:set package 'centralized_op' build argument 'cmake_target' from command line to 'None'
[0.400s] Level 5:colcon.colcon_core.verb:set package 'centralized_op' build argument 'cmake_target_skip_unavailable' from command line to 'False'
[0.400s] Level 5:colcon.colcon_core.verb:set package 'centralized_op' build argument 'cmake_clean_cache' from command line to 'False'
[0.400s] Level 5:colcon.colcon_core.verb:set package 'centralized_op' build argument 'cmake_clean_first' from command line to 'False'
[0.400s] Level 5:colcon.colcon_core.verb:set package 'centralized_op' build argument 'cmake_force_configure' from command line to 'False'
[0.400s] Level 5:colcon.colcon_core.verb:set package 'centralized_op' build argument 'ament_cmake_args' from command line to 'None'
[0.400s] Level 5:colcon.colcon_core.verb:set package 'centralized_op' build argument 'catkin_cmake_args' from command line to 'None'
[0.400s] Level 5:colcon.colcon_core.verb:set package 'centralized_op' build argument 'catkin_skip_building_tests' from command line to 'False'
[0.400s] DEBUG:colcon.colcon_core.verb:Building package 'centralized_op' with the following arguments: {'ament_cmake_args': None, 'build_base': '/home/ryan/ros2_ws/build/centralized_op', 'catkin_cmake_args': None, 'catkin_skip_building_tests': False, 'cmake_args': None, 'cmake_clean_cache': False, 'cmake_clean_first': False, 'cmake_force_configure': False, 'cmake_target': None, 'cmake_target_skip_unavailable': False, 'install_base': '/home/ryan/ros2_ws/install/centralized_op', 'merge_install': False, 'path': '/home/ryan/ros2_ws/src/centralized_op', 'symlink_install': False, 'test_result_base': None}
[0.401s] Level 5:colcon.colcon_core.verb:set package 'consensus_test' build argument 'cmake_args' from command line to 'None'
[0.401s] Level 5:colcon.colcon_core.verb:set package 'consensus_test' build argument 'cmake_target' from command line to 'None'
[0.401s] Level 5:colcon.colcon_core.verb:set package 'consensus_test' build argument 'cmake_target_skip_unavailable' from command line to 'False'
[0.401s] Level 5:colcon.colcon_core.verb:set package 'consensus_test' build argument 'cmake_clean_cache' from command line to 'False'
[0.401s] Level 5:colcon.colcon_core.verb:set package 'consensus_test' build argument 'cmake_clean_first' from command line to 'False'
[0.401s] Level 5:colcon.colcon_core.verb:set package 'consensus_test' build argument 'cmake_force_configure' from command line to 'False'
[0.401s] Level 5:colcon.colcon_core.verb:set package 'consensus_test' build argument 'ament_cmake_args' from command line to 'None'
[0.401s] Level 5:colcon.colcon_core.verb:set package 'consensus_test' build argument 'catkin_cmake_args' from command line to 'None'
[0.401s] Level 5:colcon.colcon_core.verb:set package 'consensus_test' build argument 'catkin_skip_building_tests' from command line to 'False'
[0.401s] DEBUG:colcon.colcon_core.verb:Building package 'consensus_test' with the following arguments: {'ament_cmake_args': None, 'build_base': '/home/ryan/ros2_ws/build/consensus_test', 'catkin_cmake_args': None, 'catkin_skip_building_tests': False, 'cmake_args': None, 'cmake_clean_cache': False, 'cmake_clean_first': False, 'cmake_force_configure': False, 'cmake_target': None, 'cmake_target_skip_unavailable': False, 'install_base': '/home/ryan/ros2_ws/install/consensus_test', 'merge_install': False, 'path': '/home/ryan/ros2_ws/src/consensus_test', 'symlink_install': False, 'test_result_base': None}
[0.401s] Level 5:colcon.colcon_core.verb:set package 'formation_control' build argument 'cmake_args' from command line to 'None'
[0.401s] Level 5:colcon.colcon_core.verb:set package 'formation_control' build argument 'cmake_target' from command line to 'None'
[0.401s] Level 5:colcon.colcon_core.verb:set package 'formation_control' build argument 'cmake_target_skip_unavailable' from command line to 'False'
[0.401s] Level 5:colcon.colcon_core.verb:set package 'formation_control' build argument 'cmake_clean_cache' from command line to 'False'
[0.401s] Level 5:colcon.colcon_core.verb:set package 'formation_control' build argument 'cmake_clean_first' from command line to 'False'
[0.401s] Level 5:colcon.colcon_core.verb:set package 'formation_control' build argument 'cmake_force_configure' from command line to 'False'
[0.401s] Level 5:colcon.colcon_core.verb:set package 'formation_control' build argument 'ament_cmake_args' from command line to 'None'
[0.401s] Level 5:colcon.colcon_core.verb:set package 'formation_control' build argument 'catkin_cmake_args' from command line to 'None'
[0.401s] Level 5:colcon.colcon_core.verb:set package 'formation_control' build argument 'catkin_skip_building_tests' from command line to 'False'
[0.401s] DEBUG:colcon.colcon_core.verb:Building package 'formation_control' with the following arguments: {'ament_cmake_args': None, 'build_base': '/home/ryan/ros2_ws/build/formation_control', 'catkin_cmake_args': None, 'catkin_skip_building_tests': False, 'cmake_args': None, 'cmake_clean_cache': False, 'cmake_clean_first': False, 'cmake_force_configure': False, 'cmake_target': None, 'cmake_target_skip_unavailable': False, 'install_base': '/home/ryan/ros2_ws/install/formation_control', 'merge_install': False, 'path': '/home/ryan/ros2_ws/src/formation_control', 'symlink_install': False, 'test_result_base': None}
[0.401s] INFO:colcon.colcon_core.executor:Executing jobs using 'parallel' executor
[0.402s] DEBUG:colcon.colcon_parallel_executor.executor.parallel:run_until_complete
[0.403s] INFO:colcon.colcon_ros.task.ament_python.build:Building ROS package in '/home/ryan/ros2_ws/src/centralized_op' with build type 'ament_python'
[0.403s] Level 1:colcon.colcon_core.shell:create_environment_hook('centralized_op', 'ament_prefix_path')
[0.410s] INFO:colcon.colcon_core.plugin_system:Skipping extension 'colcon_core.shell.bat': Not used on non-Windows systems
[0.410s] INFO:colcon.colcon_core.shell:Creating environment hook '/home/ryan/ros2_ws/install/centralized_op/share/centralized_op/hook/ament_prefix_path.ps1'
[0.411s] INFO:colcon.colcon_core.shell:Creating environment descriptor '/home/ryan/ros2_ws/install/centralized_op/share/centralized_op/hook/ament_prefix_path.dsv'
[0.411s] INFO:colcon.colcon_core.shell:Creating environment hook '/home/ryan/ros2_ws/install/centralized_op/share/centralized_op/hook/ament_prefix_path.sh'
[0.412s] INFO:colcon.colcon_core.shell:Skip shell extension 'powershell' for command environment: Not usable outside of PowerShell
[0.412s] DEBUG:colcon.colcon_core.shell:Skip shell extension 'dsv' for command environment
[0.415s] INFO:colcon.colcon_ros.task.ament_python.build:Building ROS package in '/home/ryan/ros2_ws/src/consensus_test' with build type 'ament_python'
[0.415s] Level 1:colcon.colcon_core.shell:create_environment_hook('consensus_test', 'ament_prefix_path')
[0.416s] INFO:colcon.colcon_core.shell:Creating environment hook '/home/ryan/ros2_ws/install/consensus_test/share/consensus_test/hook/ament_prefix_path.ps1'
[0.416s] INFO:colcon.colcon_core.shell:Creating environment descriptor '/home/ryan/ros2_ws/install/consensus_test/share/consensus_test/hook/ament_prefix_path.dsv'
[0.417s] INFO:colcon.colcon_core.shell:Creating environment hook '/home/ryan/ros2_ws/install/consensus_test/share/consensus_test/hook/ament_prefix_path.sh'
[0.417s] INFO:colcon.colcon_core.shell:Skip shell extension 'powershell' for command environment: Not usable outside of PowerShell
[0.417s] DEBUG:colcon.colcon_core.shell:Skip shell extension 'dsv' for command environment
[0.420s] INFO:colcon.colcon_ros.task.ament_python.build:Building ROS package in '/home/ryan/ros2_ws/src/formation_control' with build type 'ament_python'
[0.421s] Level 1:colcon.colcon_core.shell:create_environment_hook('formation_control', 'ament_prefix_path')
[0.421s] INFO:colcon.colcon_core.shell:Creating environment hook '/home/ryan/ros2_ws/install/formation_control/share/formation_control/hook/ament_prefix_path.ps1'
[0.421s] INFO:colcon.colcon_core.shell:Creating environment descriptor '/home/ryan/ros2_ws/install/formation_control/share/formation_control/hook/ament_prefix_path.dsv'
[0.421s] INFO:colcon.colcon_core.shell:Creating environment hook '/home/ryan/ros2_ws/install/formation_control/share/formation_control/hook/ament_prefix_path.sh'
[0.422s] INFO:colcon.colcon_core.shell:Skip shell extension 'powershell' for command environment: Not usable outside of PowerShell
[0.422s] DEBUG:colcon.colcon_core.shell:Skip shell extension 'dsv' for command environment
[0.662s] INFO:colcon.colcon_core.task.python.build:Building Python package in '/home/ryan/ros2_ws/src/centralized_op'
[0.662s] INFO:colcon.colcon_core.shell:Skip shell extension 'powershell' for command environment: Not usable outside of PowerShell
[0.662s] DEBUG:colcon.colcon_core.shell:Skip shell extension 'dsv' for command environment
[0.906s] INFO:colcon.colcon_core.task.python.build:Building Python package in '/home/ryan/ros2_ws/src/consensus_test'
[0.906s] INFO:colcon.colcon_core.shell:Skip shell extension 'powershell' for command environment: Not usable outside of PowerShell
[0.906s] DEBUG:colcon.colcon_core.shell:Skip shell extension 'dsv' for command environment
[1.144s] INFO:colcon.colcon_core.task.python.build:Building Python package in '/home/ryan/ros2_ws/src/formation_control'
[1.144s] INFO:colcon.colcon_core.shell:Skip shell extension 'powershell' for command environment: Not usable outside of PowerShell
[1.144s] DEBUG:colcon.colcon_core.shell:Skip shell extension 'dsv' for command environment
[1.747s] DEBUG:colcon.colcon_core.task.python.build:Available setuptools commands: build_py, bdist_wheel, dist_info, symlink_data, editable_wheel, bdist, init_catalog, upload_docs, saveopts, build_ext, bdist_egg, setopt, build_clib, install_data, install_lib, register, bdist_dumb, alias, update_catalog, test, upload, install_egg_info, install_scripts, develop, sdist, easy_install, egg_info, install, compile_catalog, install_headers, clean, bdist_rpm, extract_messages, rotate, check, build, build_scripts
[1.749s] DEBUG:colcon.colcon_core.event_handler.log_command:Invoking command in '/home/ryan/ros2_ws/src/consensus_test': DEBUGINFOD_URLS=https://debuginfod.ubuntu.com PYTHONPATH=/home/ryan/ros2_ws/build/consensus_test/prefix_override:/usr/lib/python3/dist-packages/colcon_core/task/python/colcon_distutils_commands:/home/ryan/ros2_ws/install/consensus_test/lib/python3.12/site-packages:${PYTHONPATH} /usr/bin/python3 -W ignore:setup.py install is deprecated -W ignore:easy_install command is deprecated setup.py egg_info --egg-base ../../build/consensus_test build --build-base /home/ryan/ros2_ws/build/consensus_test/build install --record /home/ryan/ros2_ws/build/consensus_test/install.log --install-scripts $base/lib/consensus_test --single-version-externally-managed install_data
[1.752s] DEBUG:colcon.colcon_core.task.python.build:Available setuptools commands: build_py, bdist_wheel, dist_info, symlink_data, editable_wheel, bdist, init_catalog, upload_docs, saveopts, build_ext, bdist_egg, setopt, build_clib, install_data, install_lib, register, bdist_dumb, alias, update_catalog, test, upload, install_egg_info, install_scripts, develop, sdist, easy_install, egg_info, install, compile_catalog, install_headers, clean, bdist_rpm, extract_messages, rotate, check, build, build_scripts
[1.754s] DEBUG:colcon.colcon_core.event_handler.log_command:Invoking command in '/home/ryan/ros2_ws/src/centralized_op': DEBUGINFOD_URLS=https://debuginfod.ubuntu.com PYTHONPATH=/home/ryan/ros2_ws/build/centralized_op/prefix_override:/usr/lib/python3/dist-packages/colcon_core/task/python/colcon_distutils_commands:/home/ryan/ros2_ws/install/centralized_op/lib/python3.12/site-packages:${PYTHONPATH} /usr/bin/python3 -W ignore:setup.py install is deprecated -W ignore:easy_install command is deprecated setup.py egg_info --egg-base ../../build/centralized_op build --build-base /home/ryan/ros2_ws/build/centralized_op/build install --record /home/ryan/ros2_ws/build/centralized_op/install.log --install-scripts $base/lib/centralized_op --single-version-externally-managed install_data
[1.761s] DEBUG:colcon.colcon_core.task.python.build:Available setuptools commands: build_py, bdist_wheel, dist_info, symlink_data, editable_wheel, bdist, init_catalog, upload_docs, saveopts, build_ext, bdist_egg, setopt, build_clib, install_data, install_lib, register, bdist_dumb, alias, update_catalog, test, upload, install_egg_info, install_scripts, develop, sdist, easy_install, egg_info, install, compile_catalog, install_headers, clean, bdist_rpm, extract_messages, rotate, check, build, build_scripts
[1.762s] DEBUG:colcon.colcon_core.event_handler.log_command:Invoking command in '/home/ryan/ros2_ws/src/formation_control': DEBUGINFOD_URLS=https://debuginfod.ubuntu.com PYTHONPATH=/home/ryan/ros2_ws/build/formation_control/prefix_override:/usr/lib/python3/dist-packages/colcon_core/task/python/colcon_distutils_commands:/home/ryan/ros2_ws/install/formation_control/lib/python3.12/site-packages:${PYTHONPATH} /usr/bin/python3 -W ignore:setup.py install is deprecated -W ignore:easy_install command is deprecated setup.py egg_info --egg-base ../../build/formation_control build --build-base /home/ryan/ros2_ws/build/formation_control/build install --record /home/ryan/ros2_ws/build/formation_control/install.log --install-scripts $base/lib/formation_control --single-version-externally-managed install_data
[2.317s] DEBUG:colcon.colcon_core.event_handler.log_command:Invoked command in '/home/ryan/ros2_ws/src/consensus_test' returned '0': DEBUGINFOD_URLS=https://debuginfod.ubuntu.com PYTHONPATH=/home/ryan/ros2_ws/build/consensus_test/prefix_override:/usr/lib/python3/dist-packages/colcon_core/task/python/colcon_distutils_commands:/home/ryan/ros2_ws/install/consensus_test/lib/python3.12/site-packages:${PYTHONPATH} /usr/bin/python3 -W ignore:setup.py install is deprecated -W ignore:easy_install command is deprecated setup.py egg_info --egg-base ../../build/consensus_test build --build-base /home/ryan/ros2_ws/build/consensus_test/build install --record /home/ryan/ros2_ws/build/consensus_test/install.log --install-scripts $base/lib/consensus_test --single-version-externally-managed install_data
[2.322s] Level 1:colcon.colcon_core.environment:checking '/home/ryan/ros2_ws/install/consensus_test' for CMake module files
[2.323s] Level 1:colcon.colcon_core.environment:checking '/home/ryan/ros2_ws/install/consensus_test' for CMake config files
[2.324s] Level 1:colcon.colcon_core.environment:checking '/home/ryan/ros2_ws/install/consensus_test/lib'
[2.324s] Level 1:colcon.colcon_core.environment:checking '/home/ryan/ros2_ws/install/consensus_test/bin'
[2.324s] Level 1:colcon.colcon_core.environment:checking '/home/ryan/ros2_ws/install/consensus_test/lib/pkgconfig/consensus_test.pc'
[2.324s] Level 1:colcon.colcon_core.environment:checking '/home/ryan/ros2_ws/install/consensus_test/lib/python3.12/site-packages'
[2.324s] Level 1:colcon.colcon_core.shell:create_environment_hook('consensus_test', 'pythonpath')
[2.324s] INFO:colcon.colcon_core.shell:Creating environment hook '/home/ryan/ros2_ws/install/consensus_test/share/consensus_test/hook/pythonpath.ps1'
[2.325s] INFO:colcon.colcon_core.shell:Creating environment descriptor '/home/ryan/ros2_ws/install/consensus_test/share/consensus_test/hook/pythonpath.dsv'
[2.325s] INFO:colcon.colcon_core.shell:Creating environment hook '/home/ryan/ros2_ws/install/consensus_test/share/consensus_test/hook/pythonpath.sh'
[2.326s] Level 1:colcon.colcon_core.environment:checking '/home/ryan/ros2_ws/install/consensus_test/bin'
[2.326s] Level 1:colcon.colcon_core.environment:create_environment_scripts_only(consensus_test)
[2.327s] INFO:colcon.colcon_core.shell:Creating package script '/home/ryan/ros2_ws/install/consensus_test/share/consensus_test/package.ps1'
[2.328s] INFO:colcon.colcon_core.shell:Creating package descriptor '/home/ryan/ros2_ws/install/consensus_test/share/consensus_test/package.dsv'
[2.328s] INFO:colcon.colcon_core.shell:Creating package script '/home/ryan/ros2_ws/install/consensus_test/share/consensus_test/package.sh'
[2.329s] INFO:colcon.colcon_core.shell:Creating package script '/home/ryan/ros2_ws/install/consensus_test/share/consensus_test/package.bash'
[2.329s] INFO:colcon.colcon_core.shell:Creating package script '/home/ryan/ros2_ws/install/consensus_test/share/consensus_test/package.zsh'
[2.330s] Level 1:colcon.colcon_core.environment:create_file_with_runtime_dependencies(/home/ryan/ros2_ws/install/consensus_test/share/colcon-core/packages/consensus_test)
[2.332s] Level 1:colcon.colcon_core.environment:checking '/home/ryan/ros2_ws/install/centralized_op' for CMake module files
[2.332s] DEBUG:colcon.colcon_core.event_handler.log_command:Invoked command in '/home/ryan/ros2_ws/src/centralized_op' returned '0': DEBUGINFOD_URLS=https://debuginfod.ubuntu.com PYTHONPATH=/home/ryan/ros2_ws/build/centralized_op/prefix_override:/usr/lib/python3/dist-packages/colcon_core/task/python/colcon_distutils_commands:/home/ryan/ros2_ws/install/centralized_op/lib/python3.12/site-packages:${PYTHONPATH} /usr/bin/python3 -W ignore:setup.py install is deprecated -W ignore:easy_install command is deprecated setup.py egg_info --egg-base ../../build/centralized_op build --build-base /home/ryan/ros2_ws/build/centralized_op/build install --record /home/ryan/ros2_ws/build/centralized_op/install.log --install-scripts $base/lib/centralized_op --single-version-externally-managed install_data
[2.333s] Level 1:colcon.colcon_core.environment:checking '/home/ryan/ros2_ws/install/centralized_op' for CMake config files
[2.335s] Level 1:colcon.colcon_core.environment:checking '/home/ryan/ros2_ws/install/centralized_op/lib'
[2.335s] Level 1:colcon.colcon_core.environment:checking '/home/ryan/ros2_ws/install/centralized_op/bin'
[2.335s] Level 1:colcon.colcon_core.environment:checking '/home/ryan/ros2_ws/install/centralized_op/lib/pkgconfig/centralized_op.pc'
[2.335s] Level 1:colcon.colcon_core.environment:checking '/home/ryan/ros2_ws/install/centralized_op/lib/python3.12/site-packages'
[2.335s] Level 1:colcon.colcon_core.shell:create_environment_hook('centralized_op', 'pythonpath')
[2.336s] INFO:colcon.colcon_core.shell:Creating environment hook '/home/ryan/ros2_ws/install/centralized_op/share/centralized_op/hook/pythonpath.ps1'
[2.337s] INFO:colcon.colcon_core.shell:Creating environment descriptor '/home/ryan/ros2_ws/install/centralized_op/share/centralized_op/hook/pythonpath.dsv'
[2.337s] INFO:colcon.colcon_core.shell:Creating environment hook '/home/ryan/ros2_ws/install/centralized_op/share/centralized_op/hook/pythonpath.sh'
[2.338s] Level 1:colcon.colcon_core.environment:checking '/home/ryan/ros2_ws/install/centralized_op/bin'
[2.338s] Level 1:colcon.colcon_core.environment:create_environment_scripts_only(centralized_op)
[2.338s] INFO:colcon.colcon_core.shell:Creating package script '/home/ryan/ros2_ws/install/centralized_op/share/centralized_op/package.ps1'
[2.339s] INFO:colcon.colcon_core.shell:Creating package descriptor '/home/ryan/ros2_ws/install/centralized_op/share/centralized_op/package.dsv'
[2.339s] INFO:colcon.colcon_core.shell:Creating package script '/home/ryan/ros2_ws/install/centralized_op/share/centralized_op/package.sh'
[2.340s] INFO:colcon.colcon_core.shell:Creating package script '/home/ryan/ros2_ws/install/centralized_op/share/centralized_op/package.bash'
[2.340s] INFO:colcon.colcon_core.shell:Creating package script '/home/ryan/ros2_ws/install/centralized_op/share/centralized_op/package.zsh'
[2.340s] Level 1:colcon.colcon_core.environment:create_file_with_runtime_dependencies(/home/ryan/ros2_ws/install/centralized_op/share/colcon-core/packages/centralized_op)
[2.342s] Level 1:colcon.colcon_core.environment:checking '/home/ryan/ros2_ws/install/formation_control' for CMake module files
[2.343s] DEBUG:colcon.colcon_core.event_handler.log_command:Invoked command in '/home/ryan/ros2_ws/src/formation_control' returned '0': DEBUGINFOD_URLS=https://debuginfod.ubuntu.com PYTHONPATH=/home/ryan/ros2_ws/build/formation_control/prefix_override:/usr/lib/python3/dist-packages/colcon_core/task/python/colcon_distutils_commands:/home/ryan/ros2_ws/install/formation_control/lib/python3.12/site-packages:${PYTHONPATH} /usr/bin/python3 -W ignore:setup.py install is deprecated -W ignore:easy_install command is deprecated setup.py egg_info --egg-base ../../build/formation_control build --build-base /home/ryan/ros2_ws/build/formation_control/build install --record /home/ryan/ros2_ws/build/formation_control/install.log --install-scripts $base/lib/formation_control --single-version-externally-managed install_data
[2.344s] Level 1:colcon.colcon_core.environment:checking '/home/ryan/ros2_ws/install/formation_control' for CMake config files
[2.345s] Level 1:colcon.colcon_core.environment:checking '/home/ryan/ros2_ws/install/formation_control/lib'
[2.345s] Level 1:colcon.colcon_core.environment:checking '/home/ryan/ros2_ws/install/formation_control/bin'
[2.345s] Level 1:colcon.colcon_core.environment:checking '/home/ryan/ros2_ws/install/formation_control/lib/pkgconfig/formation_control.pc'
[2.345s] Level 1:colcon.colcon_core.environment:checking '/home/ryan/ros2_ws/install/formation_control/lib/python3.12/site-packages'
[2.346s] Level 1:colcon.colcon_core.shell:create_environment_hook('formation_control', 'pythonpath')
[2.346s] INFO:colcon.colcon_core.shell:Creating environment hook '/home/ryan/ros2_ws/install/formation_control/share/formation_control/hook/pythonpath.ps1'
[2.347s] INFO:colcon.colcon_core.shell:Creating environment descriptor '/home/ryan/ros2_ws/install/formation_control/share/formation_control/hook/pythonpath.dsv'
[2.347s] INFO:colcon.colcon_core.shell:Creating environment hook '/home/ryan/ros2_ws/install/formation_control/share/formation_control/hook/pythonpath.sh'
[2.349s] Level 1:colcon.colcon_core.environment:checking '/home/ryan/ros2_ws/install/formation_control/bin'
[2.349s] Level 1:colcon.colcon_core.environment:create_environment_scripts_only(formation_control)
[2.349s] INFO:colcon.colcon_core.shell:Creating package script '/home/ryan/ros2_ws/install/formation_control/share/formation_control/package.ps1'
[2.350s] INFO:colcon.colcon_core.shell:Creating package descriptor '/home/ryan/ros2_ws/install/formation_control/share/formation_control/package.dsv'
[2.352s] INFO:colcon.colcon_core.shell:Creating package script '/home/ryan/ros2_ws/install/formation_control/share/formation_control/package.sh'
[2.353s] INFO:colcon.colcon_core.shell:Creating package script '/home/ryan/ros2_ws/install/formation_control/share/formation_control/package.bash'
[2.353s] INFO:colcon.colcon_core.shell:Creating package script '/home/ryan/ros2_ws/install/formation_control/share/formation_control/package.zsh'
[2.354s] Level 1:colcon.colcon_core.environment:create_file_with_runtime_dependencies(/home/ryan/ros2_ws/install/formation_control/share/colcon-core/packages/formation_control)
[2.355s] DEBUG:colcon.colcon_parallel_executor.executor.parallel:closing loop
[2.355s] DEBUG:colcon.colcon_parallel_executor.executor.parallel:loop closed
[2.355s] DEBUG:colcon.colcon_parallel_executor.executor.parallel:run_until_complete finished with '0'
[2.355s] DEBUG:colcon.colcon_core.event_reactor:joining thread
[2.369s] INFO:colcon.colcon_core.plugin_system:Skipping extension 'colcon_notification.desktop_notification.terminal_notifier': Not used on non-Darwin systems
[2.369s] INFO:colcon.colcon_core.plugin_system:Skipping extension 'colcon_notification.desktop_notification.win32': Not used on non-Windows systems
[2.370s] INFO:colcon.colcon_notification.desktop_notification:Sending desktop notification using 'notify2'
[2.387s] DEBUG:colcon.colcon_core.event_reactor:joined thread
[2.388s] INFO:colcon.colcon_core.shell:Creating prefix script '/home/ryan/ros2_ws/install/local_setup.ps1'
[2.389s] INFO:colcon.colcon_core.shell:Creating prefix util module '/home/ryan/ros2_ws/install/_local_setup_util_ps1.py'
[2.390s] INFO:colcon.colcon_core.shell:Creating prefix chain script '/home/ryan/ros2_ws/install/setup.ps1'
[2.391s] INFO:colcon.colcon_core.shell:Creating prefix script '/home/ryan/ros2_ws/install/local_setup.sh'
[2.391s] INFO:colcon.colcon_core.shell:Creating prefix util module '/home/ryan/ros2_ws/install/_local_setup_util_sh.py'
[2.392s] INFO:colcon.colcon_core.shell:Creating prefix chain script '/home/ryan/ros2_ws/install/setup.sh'
[2.392s] INFO:colcon.colcon_core.shell:Creating prefix script '/home/ryan/ros2_ws/install/local_setup.bash'
[2.393s] INFO:colcon.colcon_core.shell:Creating prefix chain script '/home/ryan/ros2_ws/install/setup.bash'
[2.394s] INFO:colcon.colcon_core.shell:Creating prefix script '/home/ryan/ros2_ws/install/local_setup.zsh'
[2.394s] INFO:colcon.colcon_core.shell:Creating prefix chain script '/home/ryan/ros2_ws/install/setup.zsh'
