[0.867s] Invoking command in '/home/ryan/ros2_ws/src/centralized_op': DEBUGINFOD_URLS=https://debuginfod.ubuntu.com PYTHONPATH=/home/ryan/ros2_ws/build/centralized_op/prefix_override:/usr/lib/python3/dist-packages/colcon_core/task/python/colcon_distutils_commands:/home/ryan/ros2_ws/install/centralized_op/lib/python3.12/site-packages:${PYTHONPATH} /usr/bin/python3 -W ignore:setup.py install is deprecated -W ignore:easy_install command is deprecated setup.py egg_info --egg-base ../../build/centralized_op build --build-base /home/ryan/ros2_ws/build/centralized_op/build install --record /home/ryan/ros2_ws/build/centralized_op/install.log --install-scripts $base/lib/centralized_op --single-version-externally-managed install_data
[1.151s] running egg_info
[1.170s] writing ../../build/centralized_op/centralized_op.egg-info/PKG-INFO
[1.171s] writing dependency_links to ../../build/centralized_op/centralized_op.egg-info/dependency_links.txt
[1.171s] writing entry points to ../../build/centralized_op/centralized_op.egg-info/entry_points.txt
[1.172s] writing requirements to ../../build/centralized_op/centralized_op.egg-info/requires.txt
[1.172s] writing top-level names to ../../build/centralized_op/centralized_op.egg-info/top_level.txt
[1.211s] reading manifest file '../../build/centralized_op/centralized_op.egg-info/SOURCES.txt'
[1.212s] writing manifest file '../../build/centralized_op/centralized_op.egg-info/SOURCES.txt'
[1.212s] running build
[1.212s] running build_py
[1.213s] copying centralized_op/dynamic_control.py -> /home/ryan/ros2_ws/build/centralized_op/build/lib/centralized_op
[1.214s] running install
[1.221s] running install_lib
[1.241s] copying /home/ryan/ros2_ws/build/centralized_op/build/lib/centralized_op/dynamic_control.py -> /home/ryan/ros2_ws/install/centralized_op/lib/python3.12/site-packages/centralized_op
[1.242s] byte-compiling /home/ryan/ros2_ws/install/centralized_op/lib/python3.12/site-packages/centralized_op/dynamic_control.py to dynamic_control.cpython-312.pyc
[1.244s] running install_data
[1.245s] copying launch/central_launch.py -> /home/ryan/ros2_ws/install/centralized_op/share/centralized_op/launch
[1.245s] running install_egg_info
[1.266s] removing '/home/ryan/ros2_ws/install/centralized_op/lib/python3.12/site-packages/centralized_op-0.0.0-py3.12.egg-info' (and everything under it)
[1.266s] Copying ../../build/centralized_op/centralized_op.egg-info to /home/ryan/ros2_ws/install/centralized_op/lib/python3.12/site-packages/centralized_op-0.0.0-py3.12.egg-info
[1.267s] running install_scripts
[1.399s] Installing agent_node script to /home/ryan/ros2_ws/install/centralized_op/lib/centralized_op
[1.400s] Installing central_node script to /home/ryan/ros2_ws/install/centralized_op/lib/centralized_op
[1.400s] Installing dynamic_control script to /home/ryan/ros2_ws/install/centralized_op/lib/centralized_op
[1.401s] Installing visualizer_node script to /home/ryan/ros2_ws/install/centralized_op/lib/centralized_op
[1.401s] writing list of installed files to '/home/ryan/ros2_ws/build/centralized_op/install.log'
[1.430s] Invoked command in '/home/ryan/ros2_ws/src/centralized_op' returned '0': DEBUGINFOD_URLS=https://debuginfod.ubuntu.com PYTHONPATH=/home/ryan/ros2_ws/build/centralized_op/prefix_override:/usr/lib/python3/dist-packages/colcon_core/task/python/colcon_distutils_commands:/home/ryan/ros2_ws/install/centralized_op/lib/python3.12/site-packages:${PYTHONPATH} /usr/bin/python3 -W ignore:setup.py install is deprecated -W ignore:easy_install command is deprecated setup.py egg_info --egg-base ../../build/centralized_op build --build-base /home/ryan/ros2_ws/build/centralized_op/build install --record /home/ryan/ros2_ws/build/centralized_op/install.log --install-scripts $base/lib/centralized_op --single-version-externally-managed install_data
