[1.310s] Invoking command in '/home/ryan/ros2_ws/src/formation_control': DEBUGINFOD_URLS=https://debuginfod.ubuntu.com PYTHONPATH=/home/ryan/ros2_ws/build/formation_control/prefix_override:/usr/lib/python3/dist-packages/colcon_core/task/python/colcon_distutils_commands:/home/ryan/ros2_ws/install/formation_control/lib/python3.12/site-packages:${PYTHONPATH} /usr/bin/python3 -W ignore:setup.py install is deprecated -W ignore:easy_install command is deprecated setup.py egg_info --egg-base ../../build/formation_control build --build-base /home/ryan/ros2_ws/build/formation_control/build install --record /home/ryan/ros2_ws/build/formation_control/install.log --install-scripts $base/lib/formation_control --single-version-externally-managed install_data
[1.594s] running egg_info
[1.594s] creating ../../build/formation_control/formation_control.egg-info
[1.613s] writing ../../build/formation_control/formation_control.egg-info/PKG-INFO
[1.613s] writing dependency_links to ../../build/formation_control/formation_control.egg-info/dependency_links.txt
[1.613s] writing entry points to ../../build/formation_control/formation_control.egg-info/entry_points.txt
[1.614s] writing requirements to ../../build/formation_control/formation_control.egg-info/requires.txt
[1.614s] writing top-level names to ../../build/formation_control/formation_control.egg-info/top_level.txt
[1.614s] writing manifest file '../../build/formation_control/formation_control.egg-info/SOURCES.txt'
[1.652s] reading manifest file '../../build/formation_control/formation_control.egg-info/SOURCES.txt'
[1.653s] writing manifest file '../../build/formation_control/formation_control.egg-info/SOURCES.txt'
[1.653s] running build
[1.654s] running build_py
[1.654s] creating /home/ryan/ros2_ws/build/formation_control/build
[1.654s] creating /home/ryan/ros2_ws/build/formation_control/build/lib
[1.654s] creating /home/ryan/ros2_ws/build/formation_control/build/lib/formation_control
[1.654s] copying formation_control/bayesian_node.py -> /home/ryan/ros2_ws/build/formation_control/build/lib/formation_control
[1.654s] copying formation_control/__init__.py -> /home/ryan/ros2_ws/build/formation_control/build/lib/formation_control
[1.655s] copying formation_control/visualizer_node.py -> /home/ryan/ros2_ws/build/formation_control/build/lib/formation_control
[1.655s] copying formation_control/CBN.py -> /home/ryan/ros2_ws/build/formation_control/build/lib/formation_control
[1.655s] copying formation_control/formation_control.py -> /home/ryan/ros2_ws/build/formation_control/build/lib/formation_control
[1.655s] copying formation_control/dynamic_control.py -> /home/ryan/ros2_ws/build/formation_control/build/lib/formation_control
[1.656s] running install
[1.665s] running install_lib
[1.682s] creating /home/ryan/ros2_ws/install/formation_control/lib/python3.12/site-packages/formation_control
[1.683s] copying /home/ryan/ros2_ws/build/formation_control/build/lib/formation_control/bayesian_node.py -> /home/ryan/ros2_ws/install/formation_control/lib/python3.12/site-packages/formation_control
[1.683s] copying /home/ryan/ros2_ws/build/formation_control/build/lib/formation_control/__init__.py -> /home/ryan/ros2_ws/install/formation_control/lib/python3.12/site-packages/formation_control
[1.683s] copying /home/ryan/ros2_ws/build/formation_control/build/lib/formation_control/visualizer_node.py -> /home/ryan/ros2_ws/install/formation_control/lib/python3.12/site-packages/formation_control
[1.683s] copying /home/ryan/ros2_ws/build/formation_control/build/lib/formation_control/CBN.py -> /home/ryan/ros2_ws/install/formation_control/lib/python3.12/site-packages/formation_control
[1.683s] copying /home/ryan/ros2_ws/build/formation_control/build/lib/formation_control/formation_control.py -> /home/ryan/ros2_ws/install/formation_control/lib/python3.12/site-packages/formation_control
[1.683s] copying /home/ryan/ros2_ws/build/formation_control/build/lib/formation_control/dynamic_control.py -> /home/ryan/ros2_ws/install/formation_control/lib/python3.12/site-packages/formation_control
[1.684s] byte-compiling /home/ryan/ros2_ws/install/formation_control/lib/python3.12/site-packages/formation_control/bayesian_node.py to bayesian_node.cpython-312.pyc
[1.688s] byte-compiling /home/ryan/ros2_ws/install/formation_control/lib/python3.12/site-packages/formation_control/__init__.py to __init__.cpython-312.pyc
[1.688s] byte-compiling /home/ryan/ros2_ws/install/formation_control/lib/python3.12/site-packages/formation_control/visualizer_node.py to visualizer_node.cpython-312.pyc
[1.689s] byte-compiling /home/ryan/ros2_ws/install/formation_control/lib/python3.12/site-packages/formation_control/CBN.py to CBN.cpython-312.pyc
[1.692s] byte-compiling /home/ryan/ros2_ws/install/formation_control/lib/python3.12/site-packages/formation_control/formation_control.py to formation_control.cpython-312.pyc
[1.694s] byte-compiling /home/ryan/ros2_ws/install/formation_control/lib/python3.12/site-packages/formation_control/dynamic_control.py to dynamic_control.cpython-312.pyc
[1.695s] running install_data
[1.695s] creating /home/ryan/ros2_ws/install/formation_control/share/ament_index
[1.696s] creating /home/ryan/ros2_ws/install/formation_control/share/ament_index/resource_index
[1.696s] creating /home/ryan/ros2_ws/install/formation_control/share/ament_index/resource_index/packages
[1.696s] copying resource/formation_control -> /home/ryan/ros2_ws/install/formation_control/share/ament_index/resource_index/packages
[1.696s] copying package.xml -> /home/ryan/ros2_ws/install/formation_control/share/formation_control
[1.696s] creating /home/ryan/ros2_ws/install/formation_control/share/formation_control/launch
[1.696s] copying launch/bayesian_launch.py -> /home/ryan/ros2_ws/install/formation_control/share/formation_control/launch
[1.696s] copying launch/multi_consensus_launch.py -> /home/ryan/ros2_ws/install/formation_control/share/formation_control/launch
[1.697s] copying launch/multi_agent_launch.py -> /home/ryan/ros2_ws/install/formation_control/share/formation_control/launch
[1.697s] running install_egg_info
[1.719s] Copying ../../build/formation_control/formation_control.egg-info to /home/ryan/ros2_ws/install/formation_control/lib/python3.12/site-packages/formation_control-0.0.0-py3.12.egg-info
[1.720s] running install_scripts
[1.854s] Installing bayesian_node script to /home/ryan/ros2_ws/install/formation_control/lib/formation_control
[1.854s] Installing control_node script to /home/ryan/ros2_ws/install/formation_control/lib/formation_control
[1.854s] Installing visualizer_node script to /home/ryan/ros2_ws/install/formation_control/lib/formation_control
[1.854s] writing list of installed files to '/home/ryan/ros2_ws/build/formation_control/install.log'
[1.898s] Invoked command in '/home/ryan/ros2_ws/src/formation_control' returned '0': DEBUGINFOD_URLS=https://debuginfod.ubuntu.com PYTHONPATH=/home/ryan/ros2_ws/build/formation_control/prefix_override:/usr/lib/python3/dist-packages/colcon_core/task/python/colcon_distutils_commands:/home/ryan/ros2_ws/install/formation_control/lib/python3.12/site-packages:${PYTHONPATH} /usr/bin/python3 -W ignore:setup.py install is deprecated -W ignore:easy_install command is deprecated setup.py egg_info --egg-base ../../build/formation_control build --build-base /home/ryan/ros2_ws/build/formation_control/build install --record /home/ryan/ros2_ws/build/formation_control/install.log --install-scripts $base/lib/formation_control --single-version-externally-managed install_data
