[1.789s] Invoking command in '/home/ryan/ros2_ws/src/centralized_op': DEBUGINFOD_URLS=https://debuginfod.ubuntu.com PYTHONPATH=/home/ryan/ros2_ws/build/centralized_op/prefix_override:/usr/lib/python3/dist-packages/colcon_core/task/python/colcon_distutils_commands:/home/ryan/ros2_ws/install/centralized_op/lib/python3.12/site-packages:${PYTHONPATH} /usr/bin/python3 -W ignore:setup.py install is deprecated -W ignore:easy_install command is deprecated setup.py egg_info --egg-base ../../build/centralized_op build --build-base /home/ryan/ros2_ws/build/centralized_op/build install --record /home/ryan/ros2_ws/build/centralized_op/install.log --install-scripts $base/lib/centralized_op --single-version-externally-managed install_data
[2.287s] running egg_info
[2.320s] writing ../../build/centralized_op/centralized_op.egg-info/PKG-INFO
[2.323s] writing dependency_links to ../../build/centralized_op/centralized_op.egg-info/dependency_links.txt
[2.324s] writing entry points to ../../build/centralized_op/centralized_op.egg-info/entry_points.txt
[2.324s] writing requirements to ../../build/centralized_op/centralized_op.egg-info/requires.txt
[2.327s] writing top-level names to ../../build/centralized_op/centralized_op.egg-info/top_level.txt
[2.387s] reading manifest file '../../build/centralized_op/centralized_op.egg-info/SOURCES.txt'
[2.388s] writing manifest file '../../build/centralized_op/centralized_op.egg-info/SOURCES.txt'
[2.389s] running build
[2.389s] running build_py
[2.393s] running install
[2.403s] running install_lib
[2.431s] running install_data
[2.432s] copying launch/central_launch.py -> /home/ryan/ros2_ws/install/centralized_op/share/centralized_op/launch
[2.432s] running install_egg_info
[2.459s] removing '/home/ryan/ros2_ws/install/centralized_op/lib/python3.12/site-packages/centralized_op-0.0.0-py3.12.egg-info' (and everything under it)
[2.461s] Copying ../../build/centralized_op/centralized_op.egg-info to /home/ryan/ros2_ws/install/centralized_op/lib/python3.12/site-packages/centralized_op-0.0.0-py3.12.egg-info
[2.467s] running install_scripts
[2.643s] Installing agent_node script to /home/ryan/ros2_ws/install/centralized_op/lib/centralized_op
[2.644s] Installing central_node script to /home/ryan/ros2_ws/install/centralized_op/lib/centralized_op
[2.645s] Installing control_node script to /home/ryan/ros2_ws/install/centralized_op/lib/centralized_op
[2.645s] Installing evaluator_node script to /home/ryan/ros2_ws/install/centralized_op/lib/centralized_op
[2.646s] Installing visualizer_node script to /home/ryan/ros2_ws/install/centralized_op/lib/centralized_op
[2.647s] writing list of installed files to '/home/ryan/ros2_ws/build/centralized_op/install.log'
[2.748s] Invoked command in '/home/ryan/ros2_ws/src/centralized_op' returned '0': DEBUGINFOD_URLS=https://debuginfod.ubuntu.com PYTHONPATH=/home/ryan/ros2_ws/build/centralized_op/prefix_override:/usr/lib/python3/dist-packages/colcon_core/task/python/colcon_distutils_commands:/home/ryan/ros2_ws/install/centralized_op/lib/python3.12/site-packages:${PYTHONPATH} /usr/bin/python3 -W ignore:setup.py install is deprecated -W ignore:easy_install command is deprecated setup.py egg_info --egg-base ../../build/centralized_op build --build-base /home/ryan/ros2_ws/build/centralized_op/build install --record /home/ryan/ros2_ws/build/centralized_op/install.log --install-scripts $base/lib/centralized_op --single-version-externally-managed install_data
