running egg_info
writing ../../build/centralized_op/centralized_op.egg-info/PKG-INFO
writing dependency_links to ../../build/centralized_op/centralized_op.egg-info/dependency_links.txt
writing entry points to ../../build/centralized_op/centralized_op.egg-info/entry_points.txt
writing requirements to ../../build/centralized_op/centralized_op.egg-info/requires.txt
writing top-level names to ../../build/centralized_op/centralized_op.egg-info/top_level.txt
reading manifest file '../../build/centralized_op/centralized_op.egg-info/SOURCES.txt'
writing manifest file '../../build/centralized_op/centralized_op.egg-info/SOURCES.txt'
running build
running build_py
running install
running install_lib
running install_data
copying launch/central_launch.py -> /home/ryan/ros2_ws/install/centralized_op/share/centralized_op/launch
running install_egg_info
removing '/home/ryan/ros2_ws/install/centralized_op/lib/python3.12/site-packages/centralized_op-0.0.0-py3.12.egg-info' (and everything under it)
Copying ../../build/centralized_op/centralized_op.egg-info to /home/ryan/ros2_ws/install/centralized_op/lib/python3.12/site-packages/centralized_op-0.0.0-py3.12.egg-info
running install_scripts
Installing agent_node script to /home/ryan/ros2_ws/install/centralized_op/lib/centralized_op
Installing central_node script to /home/ryan/ros2_ws/install/centralized_op/lib/centralized_op
Installing control_node script to /home/ryan/ros2_ws/install/centralized_op/lib/centralized_op
Installing evaluator_node script to /home/ryan/ros2_ws/install/centralized_op/lib/centralized_op
Installing visualizer_node script to /home/ryan/ros2_ws/install/centralized_op/lib/centralized_op
writing list of installed files to '/home/ryan/ros2_ws/build/centralized_op/install.log'
