/home/ryan/ros2_ws/install/centralized_op/lib/python3.12/site-packages/centralized_op/data_analyst.py
/home/ryan/ros2_ws/install/centralized_op/lib/python3.12/site-packages/centralized_op/visualizer_color.py
/home/ryan/ros2_ws/install/centralized_op/lib/python3.12/site-packages/centralized_op/__init__.py
/home/ryan/ros2_ws/install/centralized_op/lib/python3.12/site-packages/centralized_op/central_node.py
/home/ryan/ros2_ws/install/centralized_op/lib/python3.12/site-packages/centralized_op/visualizer_node.py
/home/ryan/ros2_ws/install/centralized_op/lib/python3.12/site-packages/centralized_op/formation_control.py
/home/ryan/ros2_ws/install/centralized_op/lib/python3.12/site-packages/centralized_op/dynamic_control.py
/home/ryan/ros2_ws/install/centralized_op/lib/python3.12/site-packages/centralized_op/agent_node.py
/home/ryan/ros2_ws/install/centralized_op/lib/python3.12/site-packages/centralized_op/control_limit.py
/home/ryan/ros2_ws/install/centralized_op/lib/python3.12/site-packages/centralized_op/__pycache__/data_analyst.cpython-312.pyc
/home/ryan/ros2_ws/install/centralized_op/lib/python3.12/site-packages/centralized_op/__pycache__/visualizer_color.cpython-312.pyc
/home/ryan/ros2_ws/install/centralized_op/lib/python3.12/site-packages/centralized_op/__pycache__/__init__.cpython-312.pyc
/home/ryan/ros2_ws/install/centralized_op/lib/python3.12/site-packages/centralized_op/__pycache__/central_node.cpython-312.pyc
/home/ryan/ros2_ws/install/centralized_op/lib/python3.12/site-packages/centralized_op/__pycache__/visualizer_node.cpython-312.pyc
/home/ryan/ros2_ws/install/centralized_op/lib/python3.12/site-packages/centralized_op/__pycache__/formation_control.cpython-312.pyc
/home/ryan/ros2_ws/install/centralized_op/lib/python3.12/site-packages/centralized_op/__pycache__/dynamic_control.cpython-312.pyc
/home/ryan/ros2_ws/install/centralized_op/lib/python3.12/site-packages/centralized_op/__pycache__/agent_node.cpython-312.pyc
/home/ryan/ros2_ws/install/centralized_op/lib/python3.12/site-packages/centralized_op/__pycache__/control_limit.cpython-312.pyc
/home/ryan/ros2_ws/install/centralized_op/share/ament_index/resource_index/packages/centralized_op
/home/ryan/ros2_ws/install/centralized_op/share/centralized_op/package.xml
/home/ryan/ros2_ws/install/centralized_op/share/centralized_op/launch/bayesian_launch.py
/home/ryan/ros2_ws/install/centralized_op/share/centralized_op/launch/central_launch.py
/home/ryan/ros2_ws/install/centralized_op/share/centralized_op/launch/multi_agent_launch.py
/home/ryan/ros2_ws/install/centralized_op/lib/python3.12/site-packages/centralized_op-0.0.0-py3.12.egg-info/top_level.txt
/home/ryan/ros2_ws/install/centralized_op/lib/python3.12/site-packages/centralized_op-0.0.0-py3.12.egg-info/SOURCES.txt
/home/ryan/ros2_ws/install/centralized_op/lib/python3.12/site-packages/centralized_op-0.0.0-py3.12.egg-info/dependency_links.txt
/home/ryan/ros2_ws/install/centralized_op/lib/python3.12/site-packages/centralized_op-0.0.0-py3.12.egg-info/requires.txt
/home/ryan/ros2_ws/install/centralized_op/lib/python3.12/site-packages/centralized_op-0.0.0-py3.12.egg-info/PKG-INFO
/home/ryan/ros2_ws/install/centralized_op/lib/python3.12/site-packages/centralized_op-0.0.0-py3.12.egg-info/zip-safe
/home/ryan/ros2_ws/install/centralized_op/lib/python3.12/site-packages/centralized_op-0.0.0-py3.12.egg-info/entry_points.txt
/home/ryan/ros2_ws/install/centralized_op/lib/centralized_op/agent_node
/home/ryan/ros2_ws/install/centralized_op/lib/centralized_op/central_node
/home/ryan/ros2_ws/install/centralized_op/lib/centralized_op/control_node
/home/ryan/ros2_ws/install/centralized_op/lib/centralized_op/evaluator_node
/home/ryan/ros2_ws/install/centralized_op/lib/centralized_op/visualizer_node
