[1.342s] Invoking command in '/home/ryan/ros2_ws/src/formation_control': DEBUGINFOD_URLS=https://debuginfod.ubuntu.com PYTHONPATH=/home/ryan/ros2_ws/build/formation_control/prefix_override:/usr/lib/python3/dist-packages/colcon_core/task/python/colcon_distutils_commands:/home/ryan/ros2_ws/install/formation_control/lib/python3.12/site-packages:${PYTHONPATH} /usr/bin/python3 -W ignore:setup.py install is deprecated -W ignore:easy_install command is deprecated setup.py egg_info --egg-base ../../build/formation_control build --build-base /home/ryan/ros2_ws/build/formation_control/build install --record /home/ryan/ros2_ws/build/formation_control/install.log --install-scripts $base/lib/formation_control --single-version-externally-managed install_data
[1.638s] running egg_info
[1.657s] writing ../../build/formation_control/formation_control.egg-info/PKG-INFO
[1.657s] writing dependency_links to ../../build/formation_control/formation_control.egg-info/dependency_links.txt
[1.657s] writing entry points to ../../build/formation_control/formation_control.egg-info/entry_points.txt
[1.657s] writing requirements to ../../build/formation_control/formation_control.egg-info/requires.txt
[1.658s] writing top-level names to ../../build/formation_control/formation_control.egg-info/top_level.txt
[1.697s] reading manifest file '../../build/formation_control/formation_control.egg-info/SOURCES.txt'
[1.698s] writing manifest file '../../build/formation_control/formation_control.egg-info/SOURCES.txt'
[1.698s] running build
[1.698s] running build_py
[1.699s] running install
[1.706s] running install_lib
[1.726s] running install_data
[1.727s] running install_egg_info
[1.748s] removing '/home/ryan/ros2_ws/install/formation_control/lib/python3.12/site-packages/formation_control-0.0.0-py3.12.egg-info' (and everything under it)
[1.748s] Copying ../../build/formation_control/formation_control.egg-info to /home/ryan/ros2_ws/install/formation_control/lib/python3.12/site-packages/formation_control-0.0.0-py3.12.egg-info
[1.749s] running install_scripts
[1.883s] Installing bayesian_node script to /home/ryan/ros2_ws/install/formation_control/lib/formation_control
[1.883s] Installing control_node script to /home/ryan/ros2_ws/install/formation_control/lib/formation_control
[1.883s] Installing visualizer_node script to /home/ryan/ros2_ws/install/formation_control/lib/formation_control
[1.883s] writing list of installed files to '/home/ryan/ros2_ws/build/formation_control/install.log'
[1.923s] Invoked command in '/home/ryan/ros2_ws/src/formation_control' returned '0': DEBUGINFOD_URLS=https://debuginfod.ubuntu.com PYTHONPATH=/home/ryan/ros2_ws/build/formation_control/prefix_override:/usr/lib/python3/dist-packages/colcon_core/task/python/colcon_distutils_commands:/home/ryan/ros2_ws/install/formation_control/lib/python3.12/site-packages:${PYTHONPATH} /usr/bin/python3 -W ignore:setup.py install is deprecated -W ignore:easy_install command is deprecated setup.py egg_info --egg-base ../../build/formation_control build --build-base /home/ryan/ros2_ws/build/formation_control/build install --record /home/ryan/ros2_ws/build/formation_control/install.log --install-scripts $base/lib/formation_control --single-version-externally-managed install_data
