[0.801s] Invoking command in '/home/ryan/ros2_ws/src/centralized_op': DEBUGINFOD_URLS=https://debuginfod.ubuntu.com PYTHONPATH=/home/ryan/ros2_ws/build/centralized_op/prefix_override:/usr/lib/python3/dist-packages/colcon_core/task/python/colcon_distutils_commands:/home/ryan/ros2_ws/install/centralized_op/lib/python3.12/site-packages:${PYTHONPATH} /usr/bin/python3 -W ignore:setup.py install is deprecated -W ignore:easy_install command is deprecated setup.py egg_info --egg-base ../../build/centralized_op build --build-base /home/ryan/ros2_ws/build/centralized_op/build install --record /home/ryan/ros2_ws/build/centralized_op/install.log --install-scripts $base/lib/centralized_op --single-version-externally-managed install_data
[1.045s] running egg_info
[1.064s] writing ../../build/centralized_op/centralized_op.egg-info/PKG-INFO
[1.064s] writing dependency_links to ../../build/centralized_op/centralized_op.egg-info/dependency_links.txt
[1.065s] writing entry points to ../../build/centralized_op/centralized_op.egg-info/entry_points.txt
[1.065s] writing requirements to ../../build/centralized_op/centralized_op.egg-info/requires.txt
[1.065s] writing top-level names to ../../build/centralized_op/centralized_op.egg-info/top_level.txt
[1.103s] reading manifest file '../../build/centralized_op/centralized_op.egg-info/SOURCES.txt'
[1.104s] writing manifest file '../../build/centralized_op/centralized_op.egg-info/SOURCES.txt'
[1.104s] running build
[1.104s] running build_py
[1.105s] copying centralized_op/data_analyst.py -> /home/ryan/ros2_ws/build/centralized_op/build/lib/centralized_op
[1.105s] running install
[1.110s] running install_lib
[1.130s] copying /home/ryan/ros2_ws/build/centralized_op/build/lib/centralized_op/data_analyst.py -> /home/ryan/ros2_ws/install/centralized_op/lib/python3.12/site-packages/centralized_op
[1.130s] byte-compiling /home/ryan/ros2_ws/install/centralized_op/lib/python3.12/site-packages/centralized_op/data_analyst.py to data_analyst.cpython-312.pyc
[1.132s] running install_data
[1.132s] running install_egg_info
[1.152s] removing '/home/ryan/ros2_ws/install/centralized_op/lib/python3.12/site-packages/centralized_op-0.0.0-py3.12.egg-info' (and everything under it)
[1.153s] Copying ../../build/centralized_op/centralized_op.egg-info to /home/ryan/ros2_ws/install/centralized_op/lib/python3.12/site-packages/centralized_op-0.0.0-py3.12.egg-info
[1.153s] running install_scripts
[1.273s] Installing agent_node script to /home/ryan/ros2_ws/install/centralized_op/lib/centralized_op
[1.274s] Installing central_node script to /home/ryan/ros2_ws/install/centralized_op/lib/centralized_op
[1.274s] Installing control_node script to /home/ryan/ros2_ws/install/centralized_op/lib/centralized_op
[1.274s] Installing evaluator_node script to /home/ryan/ros2_ws/install/centralized_op/lib/centralized_op
[1.274s] Installing visualizer_node script to /home/ryan/ros2_ws/install/centralized_op/lib/centralized_op
[1.275s] writing list of installed files to '/home/ryan/ros2_ws/build/centralized_op/install.log'
[1.310s] Invoked command in '/home/ryan/ros2_ws/src/centralized_op' returned '0': DEBUGINFOD_URLS=https://debuginfod.ubuntu.com PYTHONPATH=/home/ryan/ros2_ws/build/centralized_op/prefix_override:/usr/lib/python3/dist-packages/colcon_core/task/python/colcon_distutils_commands:/home/ryan/ros2_ws/install/centralized_op/lib/python3.12/site-packages:${PYTHONPATH} /usr/bin/python3 -W ignore:setup.py install is deprecated -W ignore:easy_install command is deprecated setup.py egg_info --egg-base ../../build/centralized_op build --build-base /home/ryan/ros2_ws/build/centralized_op/build install --record /home/ryan/ros2_ws/build/centralized_op/install.log --install-scripts $base/lib/centralized_op --single-version-externally-managed install_data
