running egg_info
creating ../../build/centralized_op/centralized_op.egg-info
writing ../../build/centralized_op/centralized_op.egg-info/PKG-INFO
writing dependency_links to ../../build/centralized_op/centralized_op.egg-info/dependency_links.txt
writing entry points to ../../build/centralized_op/centralized_op.egg-info/entry_points.txt
writing requirements to ../../build/centralized_op/centralized_op.egg-info/requires.txt
writing top-level names to ../../build/centralized_op/centralized_op.egg-info/top_level.txt
writing manifest file '../../build/centralized_op/centralized_op.egg-info/SOURCES.txt'
reading manifest file '../../build/centralized_op/centralized_op.egg-info/SOURCES.txt'
writing manifest file '../../build/centralized_op/centralized_op.egg-info/SOURCES.txt'
running build
running build_py
creating /home/ryan/ros2_ws/build/centralized_op/build
creating /home/ryan/ros2_ws/build/centralized_op/build/lib
creating /home/ryan/ros2_ws/build/centralized_op/build/lib/centralized_op
copying centralized_op/__init__.py -> /home/ryan/ros2_ws/build/centralized_op/build/lib/centralized_op
copying centralized_op/central_node.py -> /home/ryan/ros2_ws/build/centralized_op/build/lib/centralized_op
copying centralized_op/visualizer_node.py -> /home/ryan/ros2_ws/build/centralized_op/build/lib/centralized_op
copying centralized_op/formation_control.py -> /home/ryan/ros2_ws/build/centralized_op/build/lib/centralized_op
copying centralized_op/agent_node.py -> /home/ryan/ros2_ws/build/centralized_op/build/lib/centralized_op
copying centralized_op/control_limit.py -> /home/ryan/ros2_ws/build/centralized_op/build/lib/centralized_op
running install
running install_lib
creating /home/ryan/ros2_ws/install/centralized_op/lib/python3.12/site-packages/centralized_op
copying /home/ryan/ros2_ws/build/centralized_op/build/lib/centralized_op/__init__.py -> /home/ryan/ros2_ws/install/centralized_op/lib/python3.12/site-packages/centralized_op
copying /home/ryan/ros2_ws/build/centralized_op/build/lib/centralized_op/central_node.py -> /home/ryan/ros2_ws/install/centralized_op/lib/python3.12/site-packages/centralized_op
copying /home/ryan/ros2_ws/build/centralized_op/build/lib/centralized_op/visualizer_node.py -> /home/ryan/ros2_ws/install/centralized_op/lib/python3.12/site-packages/centralized_op
copying /home/ryan/ros2_ws/build/centralized_op/build/lib/centralized_op/formation_control.py -> /home/ryan/ros2_ws/install/centralized_op/lib/python3.12/site-packages/centralized_op
copying /home/ryan/ros2_ws/build/centralized_op/build/lib/centralized_op/agent_node.py -> /home/ryan/ros2_ws/install/centralized_op/lib/python3.12/site-packages/centralized_op
copying /home/ryan/ros2_ws/build/centralized_op/build/lib/centralized_op/control_limit.py -> /home/ryan/ros2_ws/install/centralized_op/lib/python3.12/site-packages/centralized_op
byte-compiling /home/ryan/ros2_ws/install/centralized_op/lib/python3.12/site-packages/centralized_op/__init__.py to __init__.cpython-312.pyc
byte-compiling /home/ryan/ros2_ws/install/centralized_op/lib/python3.12/site-packages/centralized_op/central_node.py to central_node.cpython-312.pyc
byte-compiling /home/ryan/ros2_ws/install/centralized_op/lib/python3.12/site-packages/centralized_op/visualizer_node.py to visualizer_node.cpython-312.pyc
byte-compiling /home/ryan/ros2_ws/install/centralized_op/lib/python3.12/site-packages/centralized_op/formation_control.py to formation_control.cpython-312.pyc
byte-compiling /home/ryan/ros2_ws/install/centralized_op/lib/python3.12/site-packages/centralized_op/agent_node.py to agent_node.cpython-312.pyc
byte-compiling /home/ryan/ros2_ws/install/centralized_op/lib/python3.12/site-packages/centralized_op/control_limit.py to control_limit.cpython-312.pyc
running install_data
creating /home/ryan/ros2_ws/install/centralized_op/share/ament_index
creating /home/ryan/ros2_ws/install/centralized_op/share/ament_index/resource_index
creating /home/ryan/ros2_ws/install/centralized_op/share/ament_index/resource_index/packages
copying resource/centralized_op -> /home/ryan/ros2_ws/install/centralized_op/share/ament_index/resource_index/packages
copying package.xml -> /home/ryan/ros2_ws/install/centralized_op/share/centralized_op
creating /home/ryan/ros2_ws/install/centralized_op/share/centralized_op/launch
copying launch/bayesian_launch.py -> /home/ryan/ros2_ws/install/centralized_op/share/centralized_op/launch
copying launch/central_launch.py -> /home/ryan/ros2_ws/install/centralized_op/share/centralized_op/launch
copying launch/multi_agent_launch.py -> /home/ryan/ros2_ws/install/centralized_op/share/centralized_op/launch
running install_egg_info
Copying ../../build/centralized_op/centralized_op.egg-info to /home/ryan/ros2_ws/install/centralized_op/lib/python3.12/site-packages/centralized_op-0.0.0-py3.12.egg-info
running install_scripts
Installing agent_node script to /home/ryan/ros2_ws/install/centralized_op/lib/centralized_op
Installing central_node script to /home/ryan/ros2_ws/install/centralized_op/lib/centralized_op
Installing control_limit_node script to /home/ryan/ros2_ws/install/centralized_op/lib/centralized_op
Installing visualizer_node script to /home/ryan/ros2_ws/install/centralized_op/lib/centralized_op
writing list of installed files to '/home/ryan/ros2_ws/build/centralized_op/install.log'
