[1.335s] Invoking command in '/home/ryan/ros2_ws/src/centralized_op': DEBUGINFOD_URLS=https://debuginfod.ubuntu.com PYTHONPATH=/home/ryan/ros2_ws/build/centralized_op/prefix_override:/usr/lib/python3/dist-packages/colcon_core/task/python/colcon_distutils_commands:/home/ryan/ros2_ws/install/centralized_op/lib/python3.12/site-packages:${PYTHONPATH} /usr/bin/python3 -W ignore:setup.py install is deprecated -W ignore:easy_install command is deprecated setup.py egg_info --egg-base ../../build/centralized_op build --build-base /home/ryan/ros2_ws/build/centralized_op/build install --record /home/ryan/ros2_ws/build/centralized_op/install.log --install-scripts $base/lib/centralized_op --single-version-externally-managed install_data
[1.620s] running egg_info
[1.620s] creating ../../build/centralized_op/centralized_op.egg-info
[1.638s] writing ../../build/centralized_op/centralized_op.egg-info/PKG-INFO
[1.638s] writing dependency_links to ../../build/centralized_op/centralized_op.egg-info/dependency_links.txt
[1.639s] writing entry points to ../../build/centralized_op/centralized_op.egg-info/entry_points.txt
[1.639s] writing requirements to ../../build/centralized_op/centralized_op.egg-info/requires.txt
[1.639s] writing top-level names to ../../build/centralized_op/centralized_op.egg-info/top_level.txt
[1.639s] writing manifest file '../../build/centralized_op/centralized_op.egg-info/SOURCES.txt'
[1.677s] reading manifest file '../../build/centralized_op/centralized_op.egg-info/SOURCES.txt'
[1.678s] writing manifest file '../../build/centralized_op/centralized_op.egg-info/SOURCES.txt'
[1.678s] running build
[1.678s] running build_py
[1.679s] creating /home/ryan/ros2_ws/build/centralized_op/build
[1.679s] creating /home/ryan/ros2_ws/build/centralized_op/build/lib
[1.679s] creating /home/ryan/ros2_ws/build/centralized_op/build/lib/centralized_op
[1.679s] copying centralized_op/__init__.py -> /home/ryan/ros2_ws/build/centralized_op/build/lib/centralized_op
[1.680s] copying centralized_op/central_node.py -> /home/ryan/ros2_ws/build/centralized_op/build/lib/centralized_op
[1.681s] copying centralized_op/visualizer_node.py -> /home/ryan/ros2_ws/build/centralized_op/build/lib/centralized_op
[1.681s] copying centralized_op/formation_control.py -> /home/ryan/ros2_ws/build/centralized_op/build/lib/centralized_op
[1.682s] copying centralized_op/agent_node.py -> /home/ryan/ros2_ws/build/centralized_op/build/lib/centralized_op
[1.682s] copying centralized_op/control_limit.py -> /home/ryan/ros2_ws/build/centralized_op/build/lib/centralized_op
[1.682s] running install
[1.686s] running install_lib
[1.705s] creating /home/ryan/ros2_ws/install/centralized_op/lib/python3.12/site-packages/centralized_op
[1.705s] copying /home/ryan/ros2_ws/build/centralized_op/build/lib/centralized_op/__init__.py -> /home/ryan/ros2_ws/install/centralized_op/lib/python3.12/site-packages/centralized_op
[1.706s] copying /home/ryan/ros2_ws/build/centralized_op/build/lib/centralized_op/central_node.py -> /home/ryan/ros2_ws/install/centralized_op/lib/python3.12/site-packages/centralized_op
[1.706s] copying /home/ryan/ros2_ws/build/centralized_op/build/lib/centralized_op/visualizer_node.py -> /home/ryan/ros2_ws/install/centralized_op/lib/python3.12/site-packages/centralized_op
[1.706s] copying /home/ryan/ros2_ws/build/centralized_op/build/lib/centralized_op/formation_control.py -> /home/ryan/ros2_ws/install/centralized_op/lib/python3.12/site-packages/centralized_op
[1.706s] copying /home/ryan/ros2_ws/build/centralized_op/build/lib/centralized_op/agent_node.py -> /home/ryan/ros2_ws/install/centralized_op/lib/python3.12/site-packages/centralized_op
[1.706s] copying /home/ryan/ros2_ws/build/centralized_op/build/lib/centralized_op/control_limit.py -> /home/ryan/ros2_ws/install/centralized_op/lib/python3.12/site-packages/centralized_op
[1.706s] byte-compiling /home/ryan/ros2_ws/install/centralized_op/lib/python3.12/site-packages/centralized_op/__init__.py to __init__.cpython-312.pyc
[1.707s] byte-compiling /home/ryan/ros2_ws/install/centralized_op/lib/python3.12/site-packages/centralized_op/central_node.py to central_node.cpython-312.pyc
[1.710s] byte-compiling /home/ryan/ros2_ws/install/centralized_op/lib/python3.12/site-packages/centralized_op/visualizer_node.py to visualizer_node.cpython-312.pyc
[1.711s] byte-compiling /home/ryan/ros2_ws/install/centralized_op/lib/python3.12/site-packages/centralized_op/formation_control.py to formation_control.cpython-312.pyc
[1.713s] byte-compiling /home/ryan/ros2_ws/install/centralized_op/lib/python3.12/site-packages/centralized_op/agent_node.py to agent_node.cpython-312.pyc
[1.713s] byte-compiling /home/ryan/ros2_ws/install/centralized_op/lib/python3.12/site-packages/centralized_op/control_limit.py to control_limit.cpython-312.pyc
[1.715s] running install_data
[1.715s] creating /home/ryan/ros2_ws/install/centralized_op/share/ament_index
[1.715s] creating /home/ryan/ros2_ws/install/centralized_op/share/ament_index/resource_index
[1.715s] creating /home/ryan/ros2_ws/install/centralized_op/share/ament_index/resource_index/packages
[1.715s] copying resource/centralized_op -> /home/ryan/ros2_ws/install/centralized_op/share/ament_index/resource_index/packages
[1.715s] copying package.xml -> /home/ryan/ros2_ws/install/centralized_op/share/centralized_op
[1.716s] creating /home/ryan/ros2_ws/install/centralized_op/share/centralized_op/launch
[1.716s] copying launch/bayesian_launch.py -> /home/ryan/ros2_ws/install/centralized_op/share/centralized_op/launch
[1.716s] copying launch/central_launch.py -> /home/ryan/ros2_ws/install/centralized_op/share/centralized_op/launch
[1.716s] copying launch/multi_agent_launch.py -> /home/ryan/ros2_ws/install/centralized_op/share/centralized_op/launch
[1.716s] running install_egg_info
[1.737s] Copying ../../build/centralized_op/centralized_op.egg-info to /home/ryan/ros2_ws/install/centralized_op/lib/python3.12/site-packages/centralized_op-0.0.0-py3.12.egg-info
[1.737s] running install_scripts
[1.869s] Installing agent_node script to /home/ryan/ros2_ws/install/centralized_op/lib/centralized_op
[1.870s] Installing central_node script to /home/ryan/ros2_ws/install/centralized_op/lib/centralized_op
[1.870s] Installing control_limit_node script to /home/ryan/ros2_ws/install/centralized_op/lib/centralized_op
[1.870s] Installing visualizer_node script to /home/ryan/ros2_ws/install/centralized_op/lib/centralized_op
[1.871s] writing list of installed files to '/home/ryan/ros2_ws/build/centralized_op/install.log'
[1.900s] Invoked command in '/home/ryan/ros2_ws/src/centralized_op' returned '0': DEBUGINFOD_URLS=https://debuginfod.ubuntu.com PYTHONPATH=/home/ryan/ros2_ws/build/centralized_op/prefix_override:/usr/lib/python3/dist-packages/colcon_core/task/python/colcon_distutils_commands:/home/ryan/ros2_ws/install/centralized_op/lib/python3.12/site-packages:${PYTHONPATH} /usr/bin/python3 -W ignore:setup.py install is deprecated -W ignore:easy_install command is deprecated setup.py egg_info --egg-base ../../build/centralized_op build --build-base /home/ryan/ros2_ws/build/centralized_op/build install --record /home/ryan/ros2_ws/build/centralized_op/install.log --install-scripts $base/lib/centralized_op --single-version-externally-managed install_data
